Component: ARM Compiler 5.06 update 6 (build 750) Tool: armlink [4d35ed]

==============================================================================

Section Cross References

    startup_stm32f40_41xxx.o(STACK) refers (Special) to heapauxi.o(.text) for __use_two_region_memory
    startup_stm32f40_41xxx.o(HEAP) refers (Special) to heapauxi.o(.text) for __use_two_region_memory
    startup_stm32f40_41xxx.o(RESET) refers (Special) to heapauxi.o(.text) for __use_two_region_memory
    startup_stm32f40_41xxx.o(RESET) refers to startup_stm32f40_41xxx.o(STACK) for __initial_sp
    startup_stm32f40_41xxx.o(RESET) refers to startup_stm32f40_41xxx.o(.text) for Reset_Handler
    startup_stm32f40_41xxx.o(RESET) refers to stm32f4xx_it.o(.text) for NMI_Handler
    startup_stm32f40_41xxx.o(RESET) refers to main.o(.text) for EXTI0_IRQHandler
    startup_stm32f40_41xxx.o(RESET) refers to tm_stm32f4_dma.o(.text) for DMA1_Stream0_IRQHandler
    startup_stm32f40_41xxx.o(RESET) refers to tm_stm32f4_usart.o(.text) for USART1_IRQHandler
    startup_stm32f40_41xxx.o(.text) refers (Special) to heapauxi.o(.text) for __use_two_region_memory
    startup_stm32f40_41xxx.o(.text) refers to system_stm32f4xx.o(.text) for SystemInit
    startup_stm32f40_41xxx.o(.text) refers to __main.o(!!!main) for __main
    startup_stm32f40_41xxx.o(.text) refers to startup_stm32f40_41xxx.o(HEAP) for Heap_Mem
    startup_stm32f40_41xxx.o(.text) refers to startup_stm32f40_41xxx.o(STACK) for Stack_Mem
    stm32f4xx_rcc.o(.text) refers to stm32f4xx_rcc.o(.data) for .data
    stm32f4xx_gpio.o(.text) refers to stm32f4xx_rcc.o(.text) for RCC_AHB1PeriphResetCmd
    stm32f4xx_spi.o(.text) refers to stm32f4xx_rcc.o(.text) for RCC_APB2PeriphResetCmd
    stm32f4xx_syscfg.o(.text) refers to stm32f4xx_rcc.o(.text) for RCC_APB2PeriphResetCmd
    stm32f4xx_usart.o(.text) refers to stm32f4xx_rcc.o(.text) for RCC_APB1PeriphResetCmd
    stm32f4xx_adc.o(.text) refers to stm32f4xx_rcc.o(.text) for RCC_APB2PeriphResetCmd
    tm_stm32f4_spi.o(.text) refers to tm_stm32f4_gpio.o(.text) for TM_GPIO_InitAlternate
    tm_stm32f4_spi.o(.text) refers to stm32f4xx_spi.o(.text) for SPI_StructInit
    tm_stm32f4_spi.o(.text) refers to stm32f4xx_rcc.o(.text) for RCC_GetClocksFreq
    tm_stm32f4_gpio.o(.text) refers to tm_stm32f4_gpio.o(.bss) for .bss
    tm_stm32f4_delay.o(.text) refers to h1_alloc.o(.text) for malloc
    tm_stm32f4_delay.o(.text) refers to h1_free.o(.text) for free
    tm_stm32f4_delay.o(.text) refers to tm_stm32f4_delay.o(.data) for .data
    tm_stm32f4_delay.o(.text) refers to tm_stm32f4_delay.o(.bss) for .bss
    tm_stm32f4_delay.o(.text) refers to system_stm32f4xx.o(.data) for SystemCoreClock
    tm_stm32f4_dma.o(.text) refers to misc.o(.text) for NVIC_Init
    tm_stm32f4_dma.o(.text) refers to tm_stm32f4_dma.o(.constdata) for .constdata
    tm_stm32f4_general.o(.text) refers to stm32f4xx_rcc.o(.text) for RCC_GetClocksFreq
    tm_stm32f4_general.o(.text) refers to tm_stm32f4_general.o(.data) for .data
    tm_stm32f4_general.o(.text) refers to tm_stm32f4_general.o(.bss) for .bss
    tm_stm32f4_mco_output.o(.text) refers to tm_stm32f4_gpio.o(.text) for TM_GPIO_Init
    tm_stm32f4_mco_output.o(.text) refers to stm32f4xx_rcc.o(.text) for RCC_HSEConfig
    tm_stm32f4_spi_dma.o(.text) refers to stm32f4xx_dma.o(.text) for DMA_DeInit
    tm_stm32f4_spi_dma.o(.text) refers to tm_stm32f4_dma.o(.text) for TM_DMA_ClearFlag
    tm_stm32f4_spi_dma.o(.text) refers to tm_stm32f4_spi_dma.o(.data) for .data
    tm_stm32f4_spi_dma.o(.text) refers to tm_stm32f4_spi_dma.o(.bss) for .bss
    tm_stm32f4_usart.o(.text) refers to tm_stm32f4_gpio.o(.text) for TM_GPIO_InitAlternate
    tm_stm32f4_usart.o(.text) refers to stm32f4xx_usart.o(.text) for USART_DeInit
    tm_stm32f4_usart.o(.text) refers to misc.o(.text) for NVIC_Init
    tm_stm32f4_usart.o(.text) refers to tm_stm32f4_usart.o(.data) for .data
    tm_stm32f4_usart.o(.data) refers to tm_stm32f4_usart.o(.bss) for TM_USART1_Buffer
    tm_stm32f4_usart.o(.data) refers to tm_stm32f4_usart.o(.bss) for TM_USART2_Buffer
    tm_stm32f4_usart.o(.data) refers to tm_stm32f4_usart.o(.bss) for TM_USART3_Buffer
    tm_stm32f4_usart.o(.data) refers to tm_stm32f4_usart.o(.bss) for TM_UART4_Buffer
    tm_stm32f4_usart.o(.data) refers to tm_stm32f4_usart.o(.bss) for TM_UART5_Buffer
    tm_stm32f4_usart.o(.data) refers to tm_stm32f4_usart.o(.bss) for TM_USART6_Buffer
    tm_stm32f4_usart_dma.o(.text) refers to tm_stm32f4_dma.o(.text) for TM_DMA_ClearFlags
    tm_stm32f4_usart_dma.o(.text) refers to stm32f4xx_dma.o(.text) for DMA_DeInit
    tm_stm32f4_usart_dma.o(.text) refers to strlen.o(.text) for strlen
    tm_stm32f4_usart_dma.o(.text) refers to tm_stm32f4_usart_dma.o(.data) for .data
    tm_stm32f4_usart_dma.o(.text) refers to tm_stm32f4_usart_dma.o(.bss) for .bss
    main.o(.text) refers to _printf_percent.o(.ARM.Collect$$_printf_percent$$00000000) for _printf_percent
[...]
    __scatterload_rt2                        0x08000191   Thumb Code    44  __scatter.o(!!!scatter)
    __scatterload_rt2_thumb_only             0x08000191   Thumb Code     0  __scatter.o(!!!scatter)
    __scatterload_null                       0x0800019f   Thumb Code     0  __scatter.o(!!!scatter)
    __scatterload_copy                       0x080001c5   Thumb Code    26  __scatter_copy.o(!!handler_copy)
    __scatterload_zeroinit                   0x080001e1   Thumb Code    28  __scatter_zi.o(!!handler_zi)
    _printf_f                                0x080001fd   Thumb Code     0  _printf_f.o(.ARM.Collect$$_printf_percent$$00000003)
    _printf_percent                          0x080001fd   Thumb Code     0  _printf_percent.o(.ARM.Collect$$_printf_percent$$00000000)
    _printf_d                                0x08000203   Thumb Code     0  _printf_d.o(.ARM.Collect$$_printf_percent$$00000009)
    _printf_percent_end                      0x08000209   Thumb Code     0  _printf_percent_end.o(.ARM.Collect$$_printf_percent$$00000017)
    __rt_lib_init                            0x0800020d   Thumb Code     0  libinit.o(.ARM.Collect$$libinit$$00000000)
    __rt_lib_init_fp_1                       0x0800020f   Thumb Code     0  libinit2.o(.ARM.Collect$$libinit$$00000001)
    __rt_lib_init_heap_2                     0x08000213   Thumb Code     0  libinit2.o(.ARM.Collect$$libinit$$00000005)
    __rt_lib_init_preinit_1                  0x08000213   Thumb Code     0  libinit2.o(.ARM.Collect$$libinit$$00000004)
    __rt_lib_init_heap_1                     0x0800021b   Thumb Code     0  libinit2.o(.ARM.Collect$$libinit$$0000000A)
    __rt_lib_init_lc_common                  0x0800021b   Thumb Code     0  libinit2.o(.ARM.Collect$$libinit$$0000000F)
    __rt_lib_init_rand_1                     0x0800021b   Thumb Code     0  libinit2.o(.ARM.Collect$$libinit$$0000000E)
    __rt_lib_init_user_alloc_1               0x0800021b   Thumb Code     0  libinit2.o(.ARM.Collect$$libinit$$0000000C)
    __rt_lib_init_lc_collate_1               0x08000221   Thumb Code     0  libinit2.o(.ARM.Collect$$libinit$$00000011)
    __rt_lib_init_lc_ctype_1                 0x08000221   Thumb Code     0  libinit2.o(.ARM.Collect$$libinit$$00000013)
    __rt_lib_init_lc_monetary_1              0x08000221   Thumb Code     0  libinit2.o(.ARM.Collect$$libinit$$00000015)
    __rt_lib_init_lc_numeric_2               0x08000221   Thumb Code     0  libinit2.o(.ARM.Collect$$libinit$$00000016)
    __rt_lib_init_alloca_1                   0x0800022b   Thumb Code     0  libinit2.o(.ARM.Collect$$libinit$$0000002E)
    __rt_lib_init_argv_1                     0x0800022b   Thumb Code     0  libinit2.o(.ARM.Collect$$libinit$$0000002C)
    __rt_lib_init_atexit_1                   0x0800022b   Thumb Code     0  libinit2.o(.ARM.Collect$$libinit$$0000001B)
    __rt_lib_init_clock_1                    0x0800022b   Thumb Code     0  libinit2.o(.ARM.Collect$$libinit$$00000021)
    __rt_lib_init_cpp_1                      0x0800022b   Thumb Code     0  libinit2.o(.ARM.Collect$$libinit$$00000032)
    __rt_lib_init_exceptions_1               0x0800022b   Thumb Code     0  libinit2.o(.ARM.Collect$$libinit$$00000030)
    __rt_lib_init_fp_trap_1                  0x0800022b   Thumb Code     0  libinit2.o(.ARM.Collect$$libinit$$0000001F)
    __rt_lib_init_getenv_1                   0x0800022b   Thumb Code     0  libinit2.o(.ARM.Collect$$libinit$$00000023)
    __rt_lib_init_lc_numeric_1               0x0800022b   Thumb Code     0  libinit2.o(.ARM.Collect$$libinit$$00000017)
    __rt_lib_init_lc_time_1                  0x0800022b   Thumb Code     0  libinit2.o(.ARM.Collect$$libinit$$00000019)
    __rt_lib_init_return                     0x0800022b   Thumb Code     0  libinit2.o(.ARM.Collect$$libinit$$00000033)
    __rt_lib_init_signal_1                   0x0800022b   Thumb Code     0  libinit2.o(.ARM.Collect$$libinit$$0000001D)
    __rt_lib_init_stdio_1                    0x0800022b   Thumb Code     0  libinit2.o(.ARM.Collect$$libinit$$00000025)
    __rt_lib_shutdown                        0x0800022d   Thumb Code     0  libshutdown.o(.ARM.Collect$$libshutdown$$00000000)
    __rt_lib_shutdown_cpp_1                  0x0800022f   Thumb Code     0  libshutdown2.o(.ARM.Collect$$libshutdown$$00000002)
    __rt_lib_shutdown_fp_trap_1              0x0800022f   Thumb Code     0  libshutdown2.o(.ARM.Collect$$libshutdown$$00000007)
    __rt_lib_shutdown_heap_1                 0x0800022f   Thumb Code     0  libshutdown2.o(.ARM.Collect$$libshutdown$$0000000F)
    __rt_lib_shutdown_return                 0x0800022f   Thumb Code     0  libshutdown2.o(.ARM.Collect$$libshutdown$$00000010)
    __rt_lib_shutdown_signal_1               0x0800022f   Thumb Code     0  libshutdown2.o(.ARM.Collect$$libshutdown$$0000000A)
    __rt_lib_shutdown_stdio_1                0x0800022f   Thumb Code     0  libshutdown2.o(.ARM.Collect$$libshutdown$$00000004)
    __rt_lib_shutdown_user_alloc_1           0x0800022f   Thumb Code     0  libshutdown2.o(.ARM.Collect$$libshutdown$$0000000C)
    __rt_entry                               0x08000231   Thumb Code     0  __rtentry.o(.ARM.Collect$$rtentry$$00000000)
    __rt_entry_presh_1                       0x08000231   Thumb Code     0  __rtentry2.o(.ARM.Collect$$rtentry$$00000002)
    __rt_entry_sh                            0x08000231   Thumb Code     0  __rtentry4.o(.ARM.Collect$$rtentry$$00000004)
    __rt_entry_li                            0x08000237   Thumb Code     0  __rtentry2.o(.ARM.Collect$$rtentry$$0000000A)
    __rt_entry_postsh_1                      0x08000237   Thumb Code     0  __rtentry2.o(.ARM.Collect$$rtentry$$00000009)
    __rt_entry_main                          0x0800023b   Thumb Code     0  __rtentry2.o(.ARM.Collect$$rtentry$$0000000D)
    __rt_entry_postli_1                      0x0800023b   Thumb Code     0  __rtentry2.o(.ARM.Collect$$rtentry$$0000000C)
    __rt_exit                                0x08000243   Thumb Code     0  rtexit.o(.ARM.Collect$$rtexit$$00000000)
    __rt_exit_ls                             0x08000245   Thumb Code     0  rtexit2.o(.ARM.Collect$$rtexit$$00000003)
    __rt_exit_prels_1                        0x08000245   Thumb Code     0  rtexit2.o(.ARM.Collect$$rtexit$$00000002)
    __rt_exit_exit                           0x08000249   Thumb Code     0  rtexit2.o(.ARM.Collect$$rtexit$$00000004)
    Reset_Handler                            0x08000251   Thumb Code     8  startup_stm32f40_41xxx.o(.text)
    _maybe_terminate_alloc                   0x08000251   Thumb Code     0  maybetermalloc1.o(.emb_text)
    ADC_IRQHandler                           0x0800026b   Thumb Code     0  startup_stm32f40_41xxx.o(.text)
    CAN1_RX0_IRQHandler                      0x0800026b   Thumb Code     0  startup_stm32f40_41xxx.o(.text)
    CAN1_RX1_IRQHandler                      0x0800026b   Thumb Code     0  startup_stm32f40_41xxx.o(.text)
    CAN1_SCE_IRQHandler                      0x0800026b   Thumb Code     0  startup_stm32f40_41xxx.o(.text)
    CAN1_TX_IRQHandler                       0x0800026b   Thumb Code     0  startup_stm32f40_41xxx.o(.text)
    CAN2_RX0_IRQHandler                      0x0800026b   Thumb Code     0  startup_stm32f40_41xxx.o(.text)
    CAN2_RX1_IRQHandler                      0x0800026b   Thumb Code     0  startup_stm32f40_41xxx.o(.text)
    CAN2_SCE_IRQHandler                      0x0800026b   Thumb Code     0  startup_stm32f40_41xxx.o(.text)
    CAN2_TX_IRQHandler                       0x0800026b   Thumb Code     0  startup_stm32f40_41xxx.o(.text)
    CRYP_IRQHandler                          0x0800026b   Thumb Code     0  startup_stm32f40_41xxx.o(.text)
    DCMI_IRQHandler                          0x0800026b   Thumb Code     0  startup_stm32f40_41xxx.o(.text)
    ETH_IRQHandler                           0x0800026b   Thumb Code     0  startup_stm32f40_41xxx.o(.text)
    ETH_WKUP_IRQHandler                      0x0800026b   Thumb Code     0  startup_stm32f40_41xxx.o(.text)
    EXTI15_10_IRQHandler                     0x0800026b   Thumb Code     0  startup_stm32f40_41xxx.o(.text)
    EXTI1_IRQHandler                         0x0800026b   Thumb Code     0  startup_stm32f40_41xxx.o(.text)
    EXTI2_IRQHandler                         0x0800026b   Thumb Code     0  startup_stm32f40_41xxx.o(.text)
    EXTI3_IRQHandler                         0x0800026b   Thumb Code     0  startup_stm32f40_41xxx.o(.text)
    EXTI4_IRQHandler                         0x0800026b   Thumb Code     0  startup_stm32f40_41xxx.o(.text)
    EXTI9_5_IRQHandler                       0x0800026b   Thumb Code     0  startup_stm32f40_41xxx.o(.text)
    FLASH_IRQHandler                         0x0800026b   Thumb Code     0  startup_stm32f40_41xxx.o(.text)
    FPU_IRQHandler                           0x0800026b   Thumb Code     0  startup_stm32f40_41xxx.o(.text)
    FSMC_IRQHandler                          0x0800026b   Thumb Code     0  startup_stm32f40_41xxx.o(.text)
    HASH_RNG_IRQHandler                      0x0800026b   Thumb Code     0  startup_stm32f40_41xxx.o(.text)
    I2C1_ER_IRQHandler                       0x0800026b   Thumb Code     0  startup_stm32f40_41xxx.o(.text)
    I2C1_EV_IRQHandler                       0x0800026b   Thumb Code     0  startup_stm32f40_41xxx.o(.text)
    I2C2_ER_IRQHandler                       0x0800026b   Thumb Code     0  startup_stm32f40_41xxx.o(.text)
    I2C2_EV_IRQHandler                       0x0800026b   Thumb Code     0  startup_stm32f40_41xxx.o(.text)
    I2C3_ER_IRQHandler                       0x0800026b   Thumb Code     0  startup_stm32f40_41xxx.o(.text)
    I2C3_EV_IRQHandler                       0x0800026b   Thumb Code     0  startup_stm32f40_41xxx.o(.text)
    OTG_FS_IRQHandler                        0x0800026b   Thumb Code     0  startup_stm32f40_41xxx.o(.text)
    OTG_FS_WKUP_IRQHandler                   0x0800026b   Thumb Code     0  startup_stm32f40_41xxx.o(.text)
    OTG_HS_EP1_IN_IRQHandler                 0x0800026b   Thumb Code     0  startup_stm32f40_41xxx.o(.text)
    OTG_HS_EP1_OUT_IRQHandler                0x0800026b   Thumb Code     0  startup_stm32f40_41xxx.o(.text)
    OTG_HS_IRQHandler                        0x0800026b   Thumb Code     0  startup_stm32f40_41xxx.o(.text)
    OTG_HS_WKUP_IRQHandler                   0x0800026b   Thumb Code     0  startup_stm32f40_41xxx.o(.text)
    PVD_IRQHandler                           0x0800026b   Thumb Code     0  startup_stm32f40_41xxx.o(.text)
    RCC_IRQHandler                           0x0800026b   Thumb Code     0  startup_stm32f40_41xxx.o(.text)
    RTC_Alarm_IRQHandler                     0x0800026b   Thumb Code     0  startup_stm32f40_41xxx.o(.text)
    RTC_WKUP_IRQHandler                      0x0800026b   Thumb Code     0  startup_stm32f40_41xxx.o(.text)
    SDIO_IRQHandler                          0x0800026b   Thumb Code     0  startup_stm32f40_41xxx.o(.text)
    SPI1_IRQHandler                          0x0800026b   Thumb Code     0  startup_stm32f40_41xxx.o(.text)
    SPI2_IRQHandler                          0x0800026b   Thumb Code     0  startup_stm32f40_41xxx.o(.text)
    SPI3_IRQHandler                          0x0800026b   Thumb Code     0  startup_stm32f40_41xxx.o(.text)
    TAMP_STAMP_IRQHandler                    0x0800026b   Thumb Code     0  startup_stm32f40_41xxx.o(.text)
    TIM1_BRK_TIM9_IRQHandler                 0x0800026b   Thumb Code     0  startup_stm32f40_41xxx.o(.text)
    TIM1_CC_IRQHandler                       0x0800026b   Thumb Code     0  startup_stm32f40_41xxx.o(.text)
    TIM1_TRG_COM_TIM11_IRQHandler            0x0800026b   Thumb Code     0  startup_stm32f40_41xxx.o(.text)
    TIM1_UP_TIM10_IRQHandler                 0x0800026b   Thumb Code     0  startup_stm32f40_41xxx.o(.text)
    TIM2_IRQHandler                          0x0800026b   Thumb Code     0  startup_stm32f40_41xxx.o(.text)
    TIM3_IRQHandler                          0x0800026b   Thumb Code     0  startup_stm32f40_41xxx.o(.text)
    TIM4_IRQHandler                          0x0800026b   Thumb Code     0  startup_stm32f40_41xxx.o(.text)
    TIM5_IRQHandler                          0x0800026b   Thumb Code     0  startup_stm32f40_41xxx.o(.text)
    TIM6_DAC_IRQHandler                      0x0800026b   Thumb Code     0  startup_stm32f40_41xxx.o(.text)
    TIM7_IRQHandler                          0x0800026b   Thumb Code     0  startup_stm32f40_41xxx.o(.text)
    TIM8_BRK_TIM12_IRQHandler                0x0800026b   Thumb Code     0  startup_stm32f40_41xxx.o(.text)
    TIM8_CC_IRQHandler                       0x0800026b   Thumb Code     0  startup_stm32f40_41xxx.o(.text)
    TIM8_TRG_COM_TIM14_IRQHandler            0x0800026b   Thumb Code     0  startup_stm32f40_41xxx.o(.text)
    TIM8_UP_TIM13_IRQHandler                 0x0800026b   Thumb Code     0  startup_stm32f40_41xxx.o(.text)
    WWDG_IRQHandler                          0x0800026b   Thumb Code     0  startup_stm32f40_41xxx.o(.text)
    __user_initial_stackheap                 0x0800026d   Thumb Code     0  startup_stm32f40_41xxx.o(.text)
    RCC_DeInit                               0x08000291   Thumb Code    64  stm32f4xx_rcc.o(.text)
    RCC_HSEConfig                            0x080002d1   Thumb Code    10  stm32f4xx_rcc.o(.text)
    RCC_GetFlagStatus                        0x080002db   Thumb Code    48  stm32f4xx_rcc.o(.text)
    RCC_WaitForHSEStartUp                    0x0800030b   Thumb Code    46  stm32f4xx_rcc.o(.text)
    RCC_AdjustHSICalibrationValue            0x08000339   Thumb Code    16  stm32f4xx_rcc.o(.text)
    RCC_HSICmd                               0x08000349   Thumb Code     6  stm32f4xx_rcc.o(.text)
    RCC_LSEConfig                            0x0800034f   Thumb Code    28  stm32f4xx_rcc.o(.text)
    RCC_LSICmd                               0x0800036b   Thumb Code     6  stm32f4xx_rcc.o(.text)
    RCC_PLLConfig                            0x08000371   Thumb Code    32  stm32f4xx_rcc.o(.text)
    RCC_PLLCmd                               0x08000391   Thumb Code     6  stm32f4xx_rcc.o(.text)
    RCC_PLLI2SConfig                         0x08000397   Thumb Code    12  stm32f4xx_rcc.o(.text)
    RCC_PLLI2SCmd                            0x080003a3   Thumb Code     6  stm32f4xx_rcc.o(.text)
    RCC_PLLSAIConfig                         0x080003a9   Thumb Code    16  stm32f4xx_rcc.o(.text)
    RCC_PLLSAICmd                            0x080003b9   Thumb Code     6  stm32f4xx_rcc.o(.text)
    RCC_ClockSecuritySystemCmd               0x080003bf   Thumb Code     6  stm32f4xx_rcc.o(.text)
    RCC_MCO1Config                           0x080003c5   Thumb Code    16  stm32f4xx_rcc.o(.text)
    RCC_MCO2Config                           0x080003d5   Thumb Code    16  stm32f4xx_rcc.o(.text)
    RCC_SYSCLKConfig                         0x080003e5   Thumb Code    14  stm32f4xx_rcc.o(.text)
    RCC_GetSYSCLKSource                      0x080003f3   Thumb Code    10  stm32f4xx_rcc.o(.text)
    RCC_HCLKConfig                           0x080003fd   Thumb Code    14  stm32f4xx_rcc.o(.text)
    RCC_PCLK1Config                          0x0800040b   Thumb Code    14  stm32f4xx_rcc.o(.text)
    RCC_PCLK2Config                          0x08000419   Thumb Code    16  stm32f4xx_rcc.o(.text)
    RCC_GetClocksFreq                        0x08000429   Thumb Code   152  stm32f4xx_rcc.o(.text)
    RCC_RTCCLKConfig                         0x080004c1   Thumb Code    42  stm32f4xx_rcc.o(.text)
    RCC_RTCCLKCmd                            0x080004eb   Thumb Code     6  stm32f4xx_rcc.o(.text)
    RCC_BackupResetCmd                       0x080004f1   Thumb Code     6  stm32f4xx_rcc.o(.text)
    RCC_I2SCLKConfig                         0x080004f7   Thumb Code     6  stm32f4xx_rcc.o(.text)
    RCC_SAIBlockACLKConfig                   0x080004fd   Thumb Code    14  stm32f4xx_rcc.o(.text)
    RCC_SAIBlockBCLKConfig                   0x0800050b   Thumb Code    14  stm32f4xx_rcc.o(.text)
    RCC_SAIPLLI2SClkDivConfig                0x08000519   Thumb Code    16  stm32f4xx_rcc.o(.text)
    RCC_SAIPLLSAIClkDivConfig                0x08000529   Thumb Code    18  stm32f4xx_rcc.o(.text)
    RCC_LTDCCLKDivConfig                     0x0800053b   Thumb Code    14  stm32f4xx_rcc.o(.text)
    RCC_TIMCLKPresConfig                     0x08000549   Thumb Code     6  stm32f4xx_rcc.o(.text)
    RCC_AHB1PeriphClockCmd                   0x0800054f   Thumb Code    24  stm32f4xx_rcc.o(.text)
    RCC_AHB2PeriphClockCmd                   0x08000567   Thumb Code    24  stm32f4xx_rcc.o(.text)
    RCC_AHB3PeriphClockCmd                   0x0800057f   Thumb Code    24  stm32f4xx_rcc.o(.text)
    RCC_APB1PeriphClockCmd                   0x08000597   Thumb Code    24  stm32f4xx_rcc.o(.text)
    RCC_APB2PeriphClockCmd                   0x080005af   Thumb Code    24  stm32f4xx_rcc.o(.text)
    RCC_AHB1PeriphResetCmd                   0x080005c7   Thumb Code    24  stm32f4xx_rcc.o(.text)
    RCC_AHB2PeriphResetCmd                   0x080005df   Thumb Code    24  stm32f4xx_rcc.o(.text)
    RCC_AHB3PeriphResetCmd                   0x080005f7   Thumb Code    24  stm32f4xx_rcc.o(.text)
    RCC_APB1PeriphResetCmd                   0x0800060f   Thumb Code    24  stm32f4xx_rcc.o(.text)
    RCC_APB2PeriphResetCmd                   0x08000627   Thumb Code    24  stm32f4xx_rcc.o(.text)
    RCC_AHB1PeriphClockLPModeCmd             0x0800063f   Thumb Code    24  stm32f4xx_rcc.o(.text)
    RCC_AHB2PeriphClockLPModeCmd             0x08000657   Thumb Code   158  stm32f4xx_rcc.o(.text)
    RCC_AHB3PeriphClockLPModeCmd             0x080006f5   Thumb Code    24  stm32f4xx_rcc.o(.text)
    RCC_APB1PeriphClockLPModeCmd             0x0800070d   Thumb Code    24  stm32f4xx_rcc.o(.text)
    RCC_APB2PeriphClockLPModeCmd             0x08000725   Thumb Code    24  stm32f4xx_rcc.o(.text)
    RCC_LSEModeConfig                        0x0800073d   Thumb Code    26  stm32f4xx_rcc.o(.text)
    RCC_ITConfig                             0x08000757   Thumb Code    24  stm32f4xx_rcc.o(.text)
    RCC_ClearFlag                            0x0800076f   Thumb Code    12  stm32f4xx_rcc.o(.text)
    RCC_GetITStatus                          0x0800077b   Thumb Code    16  stm32f4xx_rcc.o(.text)
    RCC_ClearITPendingBit                    0x0800078b   Thumb Code     6  stm32f4xx_rcc.o(.text)
    GPIO_DeInit                              0x080007b1   Thumb Code   340  stm32f4xx_gpio.o(.text)
    GPIO_Init                                0x08000905   Thumb Code   150  stm32f4xx_gpio.o(.text)
    GPIO_StructInit                          0x0800099b   Thumb Code    18  stm32f4xx_gpio.o(.text)
    GPIO_PinLockConfig                       0x080009ad   Thumb Code    28  stm32f4xx_gpio.o(.text)
    GPIO_ReadInputDataBit                    0x080009c9   Thumb Code    14  stm32f4xx_gpio.o(.text)
    GPIO_ReadInputData                       0x080009d7   Thumb Code     6  stm32f4xx_gpio.o(.text)
    GPIO_ReadOutputDataBit                   0x080009dd   Thumb Code    14  stm32f4xx_gpio.o(.text)
    GPIO_ReadOutputData                      0x080009eb   Thumb Code     6  stm32f4xx_gpio.o(.text)
    GPIO_SetBits                             0x080009f1   Thumb Code     4  stm32f4xx_gpio.o(.text)
    GPIO_ResetBits                           0x080009f5   Thumb Code     4  stm32f4xx_gpio.o(.text)
    GPIO_WriteBit                            0x080009f9   Thumb Code    12  stm32f4xx_gpio.o(.text)
    GPIO_Write                               0x08000a05   Thumb Code     4  stm32f4xx_gpio.o(.text)
    GPIO_ToggleBits                          0x08000a09   Thumb Code     8  stm32f4xx_gpio.o(.text)
    GPIO_PinAFConfig                         0x08000a11   Thumb Code    34  stm32f4xx_gpio.o(.text)
    NVIC_PriorityGroupConfig                 0x08000a35   Thumb Code    14  misc.o(.text)
    NVIC_Init                                0x08000a43   Thumb Code   112  misc.o(.text)
    NVIC_SetVectorTable                      0x08000ab3   Thumb Code    16  misc.o(.text)
    NVIC_SystemLPConfig                      0x08000ac3   Thumb Code    24  misc.o(.text)
    SysTick_CLKSourceConfig                  0x08000adb   Thumb Code    28  misc.o(.text)
    SPI_I2S_DeInit                           0x08000b05   Thumb Code   196  stm32f4xx_spi.o(.text)
    SPI_Init                                 0x08000bc9   Thumb Code    84  stm32f4xx_spi.o(.text)
    I2S_Init                                 0x08000c1d   Thumb Code   244  stm32f4xx_spi.o(.text)
    SPI_StructInit                           0x08000d11   Thumb Code    24  stm32f4xx_spi.o(.text)
    I2S_StructInit                           0x08000d29   Thumb Code    18  stm32f4xx_spi.o(.text)
    SPI_Cmd                                  0x08000d3b   Thumb Code    24  stm32f4xx_spi.o(.text)
    I2S_Cmd                                  0x08000d53   Thumb Code    24  stm32f4xx_spi.o(.text)
    SPI_DataSizeConfig                       0x08000d6b   Thumb Code    16  stm32f4xx_spi.o(.text)
    SPI_BiDirectionalLineConfig              0x08000d7b   Thumb Code    26  stm32f4xx_spi.o(.text)
    SPI_NSSInternalSoftwareConfig            0x08000d95   Thumb Code    28  stm32f4xx_spi.o(.text)
    SPI_SSOutputCmd                          0x08000db1   Thumb Code    24  stm32f4xx_spi.o(.text)
    SPI_TIModeCmd                            0x08000dc9   Thumb Code    24  stm32f4xx_spi.o(.text)
    I2S_FullDuplexConfig                     0x08000de1   Thumb Code    64  stm32f4xx_spi.o(.text)
    SPI_I2S_ReceiveData                      0x08000e21   Thumb Code     4  stm32f4xx_spi.o(.text)
    SPI_I2S_SendData                         0x08000e25   Thumb Code     4  stm32f4xx_spi.o(.text)
    SPI_CalculateCRC                         0x08000e29   Thumb Code    24  stm32f4xx_spi.o(.text)
    SPI_TransmitCRC                          0x08000e41   Thumb Code    10  stm32f4xx_spi.o(.text)
    SPI_GetCRC                               0x08000e4b   Thumb Code    12  stm32f4xx_spi.o(.text)
    SPI_GetCRCPolynomial                     0x08000e57   Thumb Code     4  stm32f4xx_spi.o(.text)
    SPI_I2S_DMACmd                           0x08000e5b   Thumb Code    22  stm32f4xx_spi.o(.text)
    SPI_I2S_ITConfig                         0x08000e71   Thumb Code    32  stm32f4xx_spi.o(.text)
    SPI_I2S_GetFlagStatus                    0x08000e91   Thumb Code    14  stm32f4xx_spi.o(.text)
    SPI_I2S_ClearFlag                        0x08000e9f   Thumb Code     6  stm32f4xx_spi.o(.text)
    SPI_I2S_GetITStatus                      0x08000ea5   Thumb Code    46  stm32f4xx_spi.o(.text)
    SPI_I2S_ClearITPendingBit                0x08000ed3   Thumb Code    16  stm32f4xx_spi.o(.text)
    DMA_DeInit                               0x08000ef9   Thumb Code   302  stm32f4xx_dma.o(.text)
    DMA_Init                                 0x08001027   Thumb Code   120  stm32f4xx_dma.o(.text)
    DMA_StructInit                           0x0800109f   Thumb Code    34  stm32f4xx_dma.o(.text)
    DMA_Cmd                                  0x080010c1   Thumb Code    24  stm32f4xx_dma.o(.text)
    DMA_PeriphIncOffsetSizeConfig            0x080010d9   Thumb Code    24  stm32f4xx_dma.o(.text)
    DMA_FlowControllerConfig                 0x080010f1   Thumb Code    24  stm32f4xx_dma.o(.text)
    DMA_SetCurrDataCounter                   0x08001109   Thumb Code     4  stm32f4xx_dma.o(.text)
    DMA_GetCurrDataCounter                   0x0800110d   Thumb Code     6  stm32f4xx_dma.o(.text)
    DMA_DoubleBufferModeConfig               0x08001113   Thumb Code    26  stm32f4xx_dma.o(.text)
    DMA_DoubleBufferModeCmd                  0x0800112d   Thumb Code    24  stm32f4xx_dma.o(.text)
    DMA_MemoryTargetConfig                   0x08001145   Thumb Code    12  stm32f4xx_dma.o(.text)
    DMA_GetCurrentMemoryTarget               0x08001151   Thumb Code    16  stm32f4xx_dma.o(.text)
    DMA_GetCmdStatus                         0x08001161   Thumb Code    16  stm32f4xx_dma.o(.text)
    DMA_GetFIFOStatus                        0x08001171   Thumb Code     8  stm32f4xx_dma.o(.text)
    DMA_GetFlagStatus                        0x08001179   Thumb Code    40  stm32f4xx_dma.o(.text)
    DMA_ClearFlag                            0x080011a1   Thumb Code    32  stm32f4xx_dma.o(.text)
    DMA_ITConfig                             0x080011c1   Thumb Code    54  stm32f4xx_dma.o(.text)
    DMA_GetITStatus                          0x080011f7   Thumb Code    78  stm32f4xx_dma.o(.text)
    DMA_ClearITPendingBit                    0x08001245   Thumb Code    32  stm32f4xx_dma.o(.text)
    EXTI_DeInit                              0x080012cd   Thumb Code    26  stm32f4xx_exti.o(.text)
    EXTI_Init                                0x080012e7   Thumb Code   136  stm32f4xx_exti.o(.text)
    EXTI_StructInit                          0x0800136f   Thumb Code    14  stm32f4xx_exti.o(.text)
    EXTI_GenerateSWInterrupt                 0x0800137d   Thumb Code    10  stm32f4xx_exti.o(.text)
    EXTI_GetFlagStatus                       0x08001387   Thumb Code    16  stm32f4xx_exti.o(.text)
    EXTI_ClearFlag                           0x08001397   Thumb Code     6  stm32f4xx_exti.o(.text)
    EXTI_GetITStatus                         0x0800139d   Thumb Code    16  stm32f4xx_exti.o(.text)
    EXTI_ClearITPendingBit                   0x080013ad   Thumb Code     6  stm32f4xx_exti.o(.text)
    SYSCFG_DeInit                            0x080013c9   Thumb Code    24  stm32f4xx_syscfg.o(.text)
    SYSCFG_MemoryRemapConfig                 0x080013e1   Thumb Code     6  stm32f4xx_syscfg.o(.text)
    SYSCFG_MemorySwappingBank                0x080013e7   Thumb Code     6  stm32f4xx_syscfg.o(.text)
    SYSCFG_EXTILineConfig                    0x080013ed   Thumb Code    46  stm32f4xx_syscfg.o(.text)
    SYSCFG_ETH_MediaInterfaceConfig          0x0800141b   Thumb Code     6  stm32f4xx_syscfg.o(.text)
    SYSCFG_CompensationCellCmd               0x08001421   Thumb Code     6  stm32f4xx_syscfg.o(.text)
    SYSCFG_GetCompensationCellStatus         0x08001427   Thumb Code    16  stm32f4xx_syscfg.o(.text)
    USART_DeInit                             0x0800144d   Thumb Code   256  stm32f4xx_usart.o(.text)
    USART_Init                               0x0800154d   Thumb Code   202  stm32f4xx_usart.o(.text)
    USART_StructInit                         0x08001617   Thumb Code    22  stm32f4xx_usart.o(.text)
    USART_ClockInit                          0x0800162d   Thumb Code    34  stm32f4xx_usart.o(.text)
    USART_ClockStructInit                    0x0800164f   Thumb Code    12  stm32f4xx_usart.o(.text)
    USART_Cmd                                0x0800165b   Thumb Code    24  stm32f4xx_usart.o(.text)
    USART_SetPrescaler                       0x08001673   Thumb Code    16  stm32f4xx_usart.o(.text)
    USART_OverSampling8Cmd                   0x08001683   Thumb Code    24  stm32f4xx_usart.o(.text)
    USART_OneBitMethodCmd                    0x0800169b   Thumb Code    24  stm32f4xx_usart.o(.text)
    USART_SendData                           0x080016b3   Thumb Code     8  stm32f4xx_usart.o(.text)
    USART_ReceiveData                        0x080016bb   Thumb Code     8  stm32f4xx_usart.o(.text)
    USART_SetAddress                         0x080016c3   Thumb Code    16  stm32f4xx_usart.o(.text)
    USART_ReceiverWakeUpCmd                  0x080016d3   Thumb Code    24  stm32f4xx_usart.o(.text)
    USART_WakeUpConfig                       0x080016eb   Thumb Code    16  stm32f4xx_usart.o(.text)
    USART_LINBreakDetectLengthConfig         0x080016fb   Thumb Code    16  stm32f4xx_usart.o(.text)
    USART_LINCmd                             0x0800170b   Thumb Code    24  stm32f4xx_usart.o(.text)
    USART_SendBreak                          0x08001723   Thumb Code    10  stm32f4xx_usart.o(.text)
    USART_HalfDuplexCmd                      0x0800172d   Thumb Code    24  stm32f4xx_usart.o(.text)
    USART_SetGuardTime                       0x08001745   Thumb Code    16  stm32f4xx_usart.o(.text)
    USART_SmartCardCmd                       0x08001755   Thumb Code    24  stm32f4xx_usart.o(.text)
    USART_SmartCardNACKCmd                   0x0800176d   Thumb Code    24  stm32f4xx_usart.o(.text)
    USART_IrDAConfig                         0x08001785   Thumb Code    16  stm32f4xx_usart.o(.text)
    USART_IrDACmd                            0x08001795   Thumb Code    24  stm32f4xx_usart.o(.text)
    USART_DMACmd                             0x080017ad   Thumb Code    22  stm32f4xx_usart.o(.text)
    USART_ITConfig                           0x080017c3   Thumb Code    58  stm32f4xx_usart.o(.text)
    USART_GetFlagStatus                      0x080017fd   Thumb Code    14  stm32f4xx_usart.o(.text)
    USART_ClearFlag                          0x0800180b   Thumb Code    10  stm32f4xx_usart.o(.text)
    USART_GetITStatus                        0x08001815   Thumb Code    72  stm32f4xx_usart.o(.text)
    USART_ClearITPendingBit                  0x0800185d   Thumb Code    18  stm32f4xx_usart.o(.text)
    TM_SPI_InitCustomPinsCallback            0x08001875   Thumb Code     2  tm_stm32f4_spi.o(.text)
    TM_SPI6_INT_InitPins                     0x08001877   Thumb Code    48  tm_stm32f4_spi.o(.text)
    TM_SPI5_INT_InitPins                     0x080018a7   Thumb Code    86  tm_stm32f4_spi.o(.text)
    TM_SPI4_INT_InitPins                     0x080018fd   Thumb Code    70  tm_stm32f4_spi.o(.text)
    TM_SPI3_INT_InitPins                     0x08001943   Thumb Code    68  tm_stm32f4_spi.o(.text)
    TM_SPI2_INT_InitPins                     0x08001987   Thumb Code   106  tm_stm32f4_spi.o(.text)
    TM_SPI1_INT_InitPins                     0x080019f1   Thumb Code    66  tm_stm32f4_spi.o(.text)
    TM_SPI_Init                              0x08001b75   Thumb Code   138  tm_stm32f4_spi.o(.text)
    TM_SPI_InitWithMode                      0x08001bff   Thumb Code   210  tm_stm32f4_spi.o(.text)
    TM_SPI_InitFull                          0x08001cd1   Thumb Code   144  tm_stm32f4_spi.o(.text)
    TM_SPI_GetPrescalerFromMaxFrequency      0x08001d61   Thumb Code   106  tm_stm32f4_spi.o(.text)
    TM_SPI_SetDataSize                       0x08001dcb   Thumb Code    48  tm_stm32f4_spi.o(.text)
    TM_SPI_SendMulti                         0x08001dfb   Thumb Code    80  tm_stm32f4_spi.o(.text)
    TM_SPI_WriteMulti                        0x08001e4b   Thumb Code    70  tm_stm32f4_spi.o(.text)
    TM_SPI_ReadMulti                         0x08001e91   Thumb Code    76  tm_stm32f4_spi.o(.text)
    TM_SPI_SendMulti16                       0x08001edd   Thumb Code    80  tm_stm32f4_spi.o(.text)
    TM_SPI_WriteMulti16                      0x08001f2d   Thumb Code    70  tm_stm32f4_spi.o(.text)
    TM_SPI_ReadMulti16                       0x08001f73   Thumb Code    76  tm_stm32f4_spi.o(.text)
    TM_GPIO_GetPortSource                    0x08001fd9   Thumb Code    10  tm_stm32f4_gpio.o(.text)
    TM_GPIO_INT_Init                         0x08001fe3   Thumb Code   164  tm_stm32f4_gpio.o(.text)
    TM_GPIO_INT_EnableClock                  0x08002087   Thumb Code    20  tm_stm32f4_gpio.o(.text)
    TM_GPIO_Init                             0x0800209b   Thumb Code    46  tm_stm32f4_gpio.o(.text)
    TM_GPIO_InitAlternate                    0x080020c9   Thumb Code   110  tm_stm32f4_gpio.o(.text)
    TM_GPIO_DeInit                           0x08002137   Thumb Code    72  tm_stm32f4_gpio.o(.text)
    TM_GPIO_SetPinAsInput                    0x0800217f   Thumb Code    42  tm_stm32f4_gpio.o(.text)
    TM_GPIO_SetPinAsOutput                   0x080021a9   Thumb Code    48  tm_stm32f4_gpio.o(.text)
    TM_GPIO_SetPinAsAnalog                   0x080021d9   Thumb Code    42  tm_stm32f4_gpio.o(.text)
    TM_GPIO_SetPinAsAlternate                0x08002203   Thumb Code    50  tm_stm32f4_gpio.o(.text)
    TM_GPIO_SetPullResistor                  0x08002235   Thumb Code    54  tm_stm32f4_gpio.o(.text)
    TM_GPIO_Lock                             0x0800226b   Thumb Code    16  tm_stm32f4_gpio.o(.text)
    TM_GPIO_GetPinSource                     0x0800227b   Thumb Code    20  tm_stm32f4_gpio.o(.text)
    TM_GPIO_INT_DisableClock                 0x0800228f   Thumb Code    22  tm_stm32f4_gpio.o(.text)
    TM_GPIO_GetUsedPins                      0x080022a5   Thumb Code    14  tm_stm32f4_gpio.o(.text)
    TM_GPIO_GetFreePins                      0x080022b3   Thumb Code    18  tm_stm32f4_gpio.o(.text)
    TimingDelay_Decrement                    0x080022cd   Thumb Code    98  tm_stm32f4_delay.o(.text)
    TM_DELAY_Init                            0x0800232f   Thumb Code    66  tm_stm32f4_delay.o(.text)
    TM_DELAY_EnableDelayTimer                0x08002371   Thumb Code    22  tm_stm32f4_delay.o(.text)
    TM_DELAY_DisableDelayTimer               0x08002387   Thumb Code    14  tm_stm32f4_delay.o(.text)
    TM_DELAY_TimerCreate                     0x08002395   Thumb Code    74  tm_stm32f4_delay.o(.text)
    TM_DELAY_TimerDelete                     0x080023df   Thumb Code   102  tm_stm32f4_delay.o(.text)
    TM_DELAY_TimerStop                       0x08002445   Thumb Code     6  tm_stm32f4_delay.o(.text)
    TM_DELAY_TimerStart                      0x0800244b   Thumb Code     6  tm_stm32f4_delay.o(.text)
    TM_DELAY_TimerReset                      0x08002451   Thumb Code     6  tm_stm32f4_delay.o(.text)
    TM_DELAY_TimerAutoReload                 0x08002457   Thumb Code     4  tm_stm32f4_delay.o(.text)
    TM_DELAY_TimerAutoReloadValue            0x0800245b   Thumb Code     4  tm_stm32f4_delay.o(.text)
    TM_DMA_ClearFlag                         0x08002475   Thumb Code    62  tm_stm32f4_dma.o(.text)
    TM_DMA_ClearFlags                        0x080024b3   Thumb Code     4  tm_stm32f4_dma.o(.text)
    TM_DMA_GetFlags                          0x080024b7   Thumb Code    58  tm_stm32f4_dma.o(.text)
    TM_DMA_EnableInterrupts                  0x080024f1   Thumb Code   100  tm_stm32f4_dma.o(.text)
    TM_DMA_DisableInterrupts                 0x08002555   Thumb Code    88  tm_stm32f4_dma.o(.text)
    TM_DMA_TransferCompleteHandler           0x080025ad   Thumb Code     2  tm_stm32f4_dma.o(.text)
    TM_DMA_HalfTransferCompleteHandler       0x080025af   Thumb Code     2  tm_stm32f4_dma.o(.text)
    TM_DMA_TransferErrorHandler              0x080025b1   Thumb Code     2  tm_stm32f4_dma.o(.text)
    TM_DMA_DirectModeErrorHandler            0x080025b3   Thumb Code     2  tm_stm32f4_dma.o(.text)
    TM_DMA_FIFOErrorHandler                  0x080025b5   Thumb Code     2  tm_stm32f4_dma.o(.text)
    DMA1_Stream0_IRQHandler                  0x08002633   Thumb Code     4  tm_stm32f4_dma.o(.text)
    DMA1_Stream1_IRQHandler                  0x08002637   Thumb Code     4  tm_stm32f4_dma.o(.text)
    DMA1_Stream2_IRQHandler                  0x0800263b   Thumb Code     4  tm_stm32f4_dma.o(.text)
    DMA1_Stream3_IRQHandler                  0x0800263f   Thumb Code     4  tm_stm32f4_dma.o(.text)
    DMA1_Stream4_IRQHandler                  0x08002643   Thumb Code     4  tm_stm32f4_dma.o(.text)
    DMA1_Stream5_IRQHandler                  0x08002647   Thumb Code     4  tm_stm32f4_dma.o(.text)
    DMA1_Stream6_IRQHandler                  0x0800264b   Thumb Code     4  tm_stm32f4_dma.o(.text)
    DMA1_Stream7_IRQHandler                  0x0800264f   Thumb Code     4  tm_stm32f4_dma.o(.text)
    DMA2_Stream0_IRQHandler                  0x08002653   Thumb Code     4  tm_stm32f4_dma.o(.text)
    DMA2_Stream1_IRQHandler                  0x08002657   Thumb Code     4  tm_stm32f4_dma.o(.text)
    DMA2_Stream2_IRQHandler                  0x0800265b   Thumb Code     4  tm_stm32f4_dma.o(.text)
    DMA2_Stream3_IRQHandler                  0x0800265f   Thumb Code     4  tm_stm32f4_dma.o(.text)
    DMA2_Stream4_IRQHandler                  0x08002663   Thumb Code     4  tm_stm32f4_dma.o(.text)
    DMA2_Stream5_IRQHandler                  0x08002667   Thumb Code     4  tm_stm32f4_dma.o(.text)
    DMA2_Stream6_IRQHandler                  0x0800266b   Thumb Code     4  tm_stm32f4_dma.o(.text)
    DMA2_Stream7_IRQHandler                  0x0800266f   Thumb Code     4  tm_stm32f4_dma.o(.text)
    TM_MCOOUTPUT_InitMCO1                    0x080026d9   Thumb Code    28  tm_stm32f4_mco_output.o(.text)
    TM_MCOOUTPUT_InitMCO2                    0x080026f5   Thumb Code    28  tm_stm32f4_mco_output.o(.text)
    TM_MCOOUTPUT_SetOutput1                  0x08002711   Thumb Code    98  tm_stm32f4_mco_output.o(.text)
    TM_MCOOUTPUT_SetOutput2                  0x08002773   Thumb Code    82  tm_stm32f4_mco_output.o(.text)
    TM_USART_INT_GetSubPriority              0x080027cd   Thumb Code    76  tm_stm32f4_usart.o(.text)
    TM_USART_InitCustomPinsCallback          0x08002819   Thumb Code     2  tm_stm32f4_usart.o(.text)
    TM_USART6_InitPins                       0x0800281b   Thumb Code    68  tm_stm32f4_usart.o(.text)
    TM_UART5_InitPins                        0x0800285f   Thumb Code    62  tm_stm32f4_usart.o(.text)
    TM_UART4_InitPins                        0x0800289d   Thumb Code    68  tm_stm32f4_usart.o(.text)
    TM_USART3_InitPins                       0x080028e1   Thumb Code    90  tm_stm32f4_usart.o(.text)
    TM_USART2_InitPins                       0x0800293b   Thumb Code    66  tm_stm32f4_usart.o(.text)
    TM_USART1_InitPins                       0x0800297d   Thumb Code    66  tm_stm32f4_usart.o(.text)
    TM_USART_INT_GetUsart                    0x080029bf   Thumb Code    76  tm_stm32f4_usart.o(.text)
    TM_USART_Init                            0x08002b51   Thumb Code   166  tm_stm32f4_usart.o(.text)
    TM_USART_InitWithFlowControl             0x08002bf7   Thumb Code   246  tm_stm32f4_usart.o(.text)
    TM_USART_Getc                            0x08002ced   Thumb Code    54  tm_stm32f4_usart.o(.text)
    TM_USART_FindCharacter                   0x08002d23   Thumb Code    52  tm_stm32f4_usart.o(.text)
    TM_USART_Gets                            0x08002d57   Thumb Code    88  tm_stm32f4_usart.o(.text)
    TM_USART_BufferEmpty                     0x08002daf   Thumb Code    26  tm_stm32f4_usart.o(.text)
    TM_USART_BufferFull                      0x08002dc9   Thumb Code    22  tm_stm32f4_usart.o(.text)
    TM_USART_ClearBuffer                     0x08002ddf   Thumb Code    16  tm_stm32f4_usart.o(.text)
    TM_USART_SetCustomStringEndCharacter     0x08002def   Thumb Code    12  tm_stm32f4_usart.o(.text)
    TM_USART_Puts                            0x08002dfb   Thumb Code    54  tm_stm32f4_usart.o(.text)
    TM_USART_Send                            0x08002e31   Thumb Code    60  tm_stm32f4_usart.o(.text)
    TM_USART_INT_InsertToBuffer              0x08002e6d   Thumb Code    38  tm_stm32f4_usart.o(.text)
    USART1_IRQHandler                        0x08002e93   Thumb Code    20  tm_stm32f4_usart.o(.text)
    USART2_IRQHandler                        0x08002ea7   Thumb Code    22  tm_stm32f4_usart.o(.text)
    UART4_IRQHandler                         0x08002ebd   Thumb Code    22  tm_stm32f4_usart.o(.text)
    UART5_IRQHandler                         0x08002ed3   Thumb Code    20  tm_stm32f4_usart.o(.text)
    USART6_IRQHandler                        0x08002ee7   Thumb Code    22  tm_stm32f4_usart.o(.text)
    TM_USART_DMA_Init                        0x08002f81   Thumb Code    76  tm_stm32f4_usart_dma.o(.text)
    TM_USART_DMA_InitWithStreamAndChannel    0x08002fcd   Thumb Code    26  tm_stm32f4_usart_dma.o(.text)
    TM_USART_DMA_GetStream                   0x08002fe7   Thumb Code    10  tm_stm32f4_usart_dma.o(.text)
    TM_USART_DMA_Deinit                      0x08002ff1   Thumb Code    16  tm_stm32f4_usart_dma.o(.text)
    TM_USART_DMA_Send                        0x08003001   Thumb Code    82  tm_stm32f4_usart_dma.o(.text)
    TM_USART_DMA_Puts                        0x08003053   Thumb Code    24  tm_stm32f4_usart_dma.o(.text)
    TM_USART_DMA_Sending                     0x0800306b   Thumb Code    14  tm_stm32f4_usart_dma.o(.text)
    TM_USART_DMA_EnableInterrupts            0x08003079   Thumb Code    16  tm_stm32f4_usart_dma.o(.text)
    TM_USART_DMA_DisableInterrupts           0x08003089   Thumb Code    16  tm_stm32f4_usart_dma.o(.text)
    InitConv_IRQ                             0x080030c1   Thumb Code    66  main.o(.text)
    EXTI0_IRQHandler                         0x08003103   Thumb Code    64  main.o(.text)
    USART3_IRQHandler                        0x08003143   Thumb Code    66  main.o(.text)
    processMessage                           0x08003185   Thumb Code   304  main.o(.text)
    init_USART3_Interrupt                    0x080032b5   Thumb Code    44  main.o(.text)
    init_messageBuffer                       0x080032e1   Thumb Code    18  main.o(.text)
    init_SPI1_DMA                            0x080032f3   Thumb Code   150  main.o(.text)
    init_SPI1                                0x08003389   Thumb Code   214  main.o(.text)
    main                                     0x0800345f   Thumb Code   506  main.o(.text)
    init_USART3                              0x08003659   Thumb Code   132  main.o(.text)
    NMI_Handler                              0x08003735   Thumb Code     2  stm32f4xx_it.o(.text)
    HardFault_Handler                        0x08003737   Thumb Code     2  stm32f4xx_it.o(.text)
    MemManage_Handler                        0x08003739   Thumb Code     2  stm32f4xx_it.o(.text)
    BusFault_Handler                         0x0800373b   Thumb Code     2  stm32f4xx_it.o(.text)
    UsageFault_Handler                       0x0800373d   Thumb Code     2  stm32f4xx_it.o(.text)
    SVC_Handler                              0x0800373f   Thumb Code     2  stm32f4xx_it.o(.text)
    DebugMon_Handler                         0x08003741   Thumb Code     2  stm32f4xx_it.o(.text)
    PendSV_Handler                           0x08003743   Thumb Code     2  stm32f4xx_it.o(.text)
    SysTick_Handler                          0x08003747   Thumb Code     8  stm32f4xx_it.o(.text)
    SystemInit                               0x080037f9   Thumb Code    72  system_stm32f4xx.o(.text)
    SystemCoreClockUpdate                    0x08003841   Thumb Code   122  system_stm32f4xx.o(.text)
    recomputeSinCosTable                     0x080038f9   Thumb Code   162  data_processor.o(.text)
    Hydrophone_reinitialize                  0x0800399b   Thumb Code    40  data_processor.o(.text)
    Hydrophone_add                           0x080039c3   Thumb Code    94  data_processor.o(.text)
    Hydrophone_magSq                         0x08003a21   Thumb Code    18  data_processor.o(.text)
    Hydrophone_normSq                        0x08003a33   Thumb Code    22  data_processor.o(.text)
    Hydrophone_phase                         0x08003a49   Thumb Code    62  data_processor.o(.text)
    initializeOrChangeFrequency              0x08003a87   Thumb Code   118  data_processor.o(.text)
    changeThreshold                          0x08003afd   Thumb Code    36  data_processor.o(.text)
    changeSideLength                         0x08003b21   Thumb Code     8  data_processor.o(.text)
    process                                  0x08003b29   Thumb Code   798  data_processor.o(.text)
    MAX11043_writeReg                        0x08003e69   Thumb Code    54  max11043.o(.text)
    MAX11043_readReg                         0x08003e9f   Thumb Code    62  max11043.o(.text)
    checkWritten                             0x08003edd   Thumb Code    38  max11043.o(.text)
    init_Buffer                              0x08003f03   Thumb Code    62  max11043.o(.text)
    MAX11043_init                            0x08003f41   Thumb Code   524  max11043.o(.text)
    MAX11043_readAllChannels                 0x0800414d   Thumb Code   138  max11043.o(.text)
    MAX11043_readChannelA                    0x080041d7   Thumb Code    68  max11043.o(.text)
    get_TX_buffer_addr                       0x0800421b   Thumb Code     4  max11043.o(.text)
    get_RX_buffer_addr                       0x0800421f   Thumb Code     4  max11043.o(.text)
    process_ADC_Data                         0x08004223   Thumb Code   306  max11043.o(.text)
    fputc                                    0x080043b1   Thumb Code     2  retarget.o(.text)
    ferror                                   0x080043b3   Thumb Code     6  retarget.o(.text)
    _ttywrch                                 0x080043b9   Thumb Code     2  retarget.o(.text)
    _sys_exit                                0x080043bb   Thumb Code     2  retarget.o(.text)
    __I$use$semihosting                      0x080043bd   Thumb Code     0  use_no_semi.o(.text)
    __use_no_semihosting_swi                 0x080043bd   Thumb Code     2  use_no_semi.o(.text)
    malloc                                   0x080043bf   Thumb Code    94  h1_alloc.o(.text)
    free                                     0x0800441d   Thumb Code    78  h1_free.o(.text)
    __2sprintf                               0x0800446d   Thumb Code    34  noretval__2sprintf.o(.text)
    __printf                                 0x08004495   Thumb Code   104  __printf.o(.text)
    _printf_int_dec                          0x080044fd   Thumb Code   104  _printf_dec.o(.text)
    strcpy                                   0x08004575   Thumb Code    72  strcpy.o(.text)
    strlen                                   0x080045bd   Thumb Code    62  strlen.o(.text)
    __aeabi_memclr                           0x080045fb   Thumb Code     0  rt_memclr.o(.text)
    __rt_memclr                              0x080045fb   Thumb Code    68  rt_memclr.o(.text)
    _memset                                  0x080045ff   Thumb Code     0  rt_memclr.o(.text)
    __aeabi_memclr4                          0x0800463f   Thumb Code     0  rt_memclr_w.o(.text)
    __aeabi_memclr8                          0x0800463f   Thumb Code     0  rt_memclr_w.o(.text)
    __rt_memclr_w                            0x0800463f   Thumb Code    78  rt_memclr_w.o(.text)
    _memset_w                                0x08004643   Thumb Code     0  rt_memclr_w.o(.text)
    __use_two_region_memory                  0x0800468d   Thumb Code     2  heapauxi.o(.text)
    __rt_heap_escrow                         0x0800468f   Thumb Code     2  heapauxi.o(.text)
    __rt_heap_expand                         0x08004691   Thumb Code     2  heapauxi.o(.text)
    __rt_heap_descriptor                     0x08004695   Thumb Code     8  rt_heap_descriptor_intlibspace.o(.text)
    __use_no_heap                            0x0800469d   Thumb Code     2  hguard.o(.text)
    __heap$guard                             0x0800469f   Thumb Code     2  hguard.o(.text)
    _terminate_user_alloc                    0x080046a1   Thumb Code     2  init_alloc.o(.text)
    _init_user_alloc                         0x080046a3   Thumb Code     2  init_alloc.o(.text)
    __Heap_Full                              0x080046a5   Thumb Code    34  init_alloc.o(.text)
    __Heap_Broken                            0x080046c7   Thumb Code     6  init_alloc.o(.text)
    _init_alloc                              0x080046cd   Thumb Code    94  init_alloc.o(.text)
    __Heap_Initialize                        0x0800472b   Thumb Code    10  h1_init.o(.text)
    __Heap_DescSize                          0x08004735   Thumb Code     4  h1_init.o(.text)
    __read_errno                             0x08004739   Thumb Code    10  _rserrno.o(.text)
    __set_errno                              0x08004743   Thumb Code    12  _rserrno.o(.text)
    _printf_int_common                       0x0800474f   Thumb Code   178  _printf_intcommon.o(.text)
    __lib_sel_fp_printf                      0x08004801   Thumb Code     2  _printf_fp_dec.o(.text)
    _printf_fp_dec_real                      0x080049b3   Thumb Code   620  _printf_fp_dec.o(.text)
    _printf_char_common                      0x08004c2b   Thumb Code    32  _printf_char_common.o(.text)
    _sputc                                   0x08004c51   Thumb Code    10  _sputc.o(.text)
    __user_libspace                          0x08004c5d   Thumb Code     8  libspace.o(.text)
    __user_perproc_libspace                  0x08004c5d   Thumb Code     0  libspace.o(.text)
    __user_perthread_libspace                0x08004c5d   Thumb Code     0  libspace.o(.text)
    __rt_locale                              0x08004c65   Thumb Code     8  rt_locale_intlibspace.o(.text)
    __aeabi_errno_addr                       0x08004c6d   Thumb Code     8  rt_errno_addr_intlibspace.o(.text)
    __errno$intlibspace                      0x08004c6d   Thumb Code     0  rt_errno_addr_intlibspace.o(.text)
    __rt_errno_addr$intlibspace              0x08004c6d   Thumb Code     0  rt_errno_addr_intlibspace.o(.text)
    __Heap_ProvideMemory                     0x08004c75   Thumb Code    52  h1_extend.o(.text)
    _ll_udiv10                               0x08004ca9   Thumb Code   138  lludiv10.o(.text)
    _printf_fp_infnan                        0x08004d35   Thumb Code   112  _printf_fp_infnan.o(.text)
    _btod_etento                             0x08004db5   Thumb Code   224  bigflt0.o(.text)
    __rt_SIGRTMEM                            0x08004e99   Thumb Code    14  defsig_rtmem_outer.o(.text)
    __user_setup_stackheap                   0x08004ea7   Thumb Code    74  sys_stackheap_outer.o(.text)
    exit                                     0x08004ef1   Thumb Code    18  exit.o(.text)
    __sig_exit                               0x08004f03   Thumb Code    10  defsig_exit.o(.text)
    __rt_SIGRTMEM_inner                      0x08004f0d   Thumb Code    22  defsig_rtmem_inner.o(.text)
    strcmp                                   0x08004f5d   Thumb Code   128  strcmpv7m.o(.text)
    __default_signal_display                 0x08004fdd   Thumb Code    50  defsig_general.o(.text)
    _btod_d2e                                0x0800500f   Thumb Code    62  btod.o(CL$$btod_d2e)
    _d2e_denorm_low                          0x0800504d   Thumb Code    70  btod.o(CL$$btod_d2e_denorm_low)
    _d2e_norm_op1                            0x08005093   Thumb Code    96  btod.o(CL$$btod_d2e_norm_op1)
    __btod_div_common                        0x080050f3   Thumb Code   696  btod.o(CL$$btod_div_common)
    _e2e                                     0x0800542b   Thumb Code   220  btod.o(CL$$btod_e2e)
    _btod_ediv                               0x08005507   Thumb Code    42  btod.o(CL$$btod_ediv)
    _btod_emul                               0x08005531   Thumb Code    42  btod.o(CL$$btod_emul)
    __btod_mult_common                       0x0800555b   Thumb Code   580  btod.o(CL$$btod_mult_common)
    __ARM_fpclassify                         0x0800579f   Thumb Code    48  fpclassify.o(i.__ARM_fpclassify)
    __hardfp_atan                            0x080057d1   Thumb Code   622  atan.o(i.__hardfp_atan)
    __hardfp_atan2                           0x08005aa9   Thumb Code   432  atan2.o(i.__hardfp_atan2)
    __hardfp_cos                             0x08005c99   Thumb Code   180  cos.o(i.__hardfp_cos)
    __hardfp_sin                             0x08005d61   Thumb Code   180  sin.o(i.__hardfp_sin)
    __hardfp_sqrt                            0x08005e29   Thumb Code   122  sqrt.o(i.__hardfp_sqrt)
    __ieee754_rem_pio2                       0x08005ea9   Thumb Code   938  rred.o(i.__ieee754_rem_pio2)
    __kernel_cos                             0x080062e1   Thumb Code   322  cos_i.o(i.__kernel_cos)
    __kernel_poly                            0x08006451   Thumb Code   248  poly.o(i.__kernel_poly)
    __kernel_sin                             0x08006549   Thumb Code   280  sin_i.o(i.__kernel_sin)
    __mathlib_dbl_infnan                     0x08006679   Thumb Code    20  dunder.o(i.__mathlib_dbl_infnan)
    __mathlib_dbl_infnan2                    0x0800668d   Thumb Code    20  dunder.o(i.__mathlib_dbl_infnan2)
    __mathlib_dbl_invalid                    0x080066a1   Thumb Code    24  dunder.o(i.__mathlib_dbl_invalid)
    __mathlib_dbl_underflow                  0x080066c1   Thumb Code    24  dunder.o(i.__mathlib_dbl_underflow)
    atan                                     0x080066e1   Thumb Code    16  atan.o(i.atan)
    fabs                                     0x080066f1   Thumb Code    24  fabs.o(i.fabs)
    _get_lc_numeric                          0x08006709   Thumb Code    44  lc_numeric_c.o(locale$$code)
    __aeabi_dneg                             0x08006735   Thumb Code     0  basic.o(x$fpl$basic)
    _dneg                                    0x08006735   Thumb Code     6  basic.o(x$fpl$basic)
    __aeabi_fneg                             0x0800673b   Thumb Code     0  basic.o(x$fpl$basic)
    _fneg                                    0x0800673b   Thumb Code     6  basic.o(x$fpl$basic)
    _dabs                                    0x08006741   Thumb Code     6  basic.o(x$fpl$basic)
    _fabs                                    0x08006747   Thumb Code     6  basic.o(x$fpl$basic)
    __aeabi_d2f                              0x0800674d   Thumb Code     0  d2f.o(x$fpl$d2f)
    _d2f                                     0x0800674d   Thumb Code    98  d2f.o(x$fpl$d2f)
    __aeabi_dadd                             0x080067b1   Thumb Code     0  daddsub_clz.o(x$fpl$dadd)
    _dadd                                    0x080067b1   Thumb Code   332  daddsub_clz.o(x$fpl$dadd)
    __aeabi_ddiv                             0x08006901   Thumb Code     0  ddiv.o(x$fpl$ddiv)
    _ddiv                                    0x08006901   Thumb Code   552  ddiv.o(x$fpl$ddiv)
    __aeabi_d2iz                             0x08006bb1   Thumb Code     0  dfix.o(x$fpl$dfix)
    _dfix                                    0x08006bb1   Thumb Code    94  dfix.o(x$fpl$dfix)
    __aeabi_i2d                              0x08006c0f   Thumb Code     0  dflt_clz.o(x$fpl$dflt)
    _dflt                                    0x08006c0f   Thumb Code    46  dflt_clz.o(x$fpl$dflt)
    __aeabi_ui2d                             0x08006c3d   Thumb Code     0  dflt_clz.o(x$fpl$dfltu)
    _dfltu                                   0x08006c3d   Thumb Code    38  dflt_clz.o(x$fpl$dfltu)
    __aeabi_dmul                             0x08006c65   Thumb Code     0  dmul.o(x$fpl$dmul)
    _dmul                                    0x08006c65   Thumb Code   332  dmul.o(x$fpl$dmul)
    __fpl_dnaninf                            0x08006db9   Thumb Code   156  dnaninf.o(x$fpl$dnaninf)
    __fpl_dretinf                            0x08006e55   Thumb Code    12  dretinf.o(x$fpl$dretinf)
    __aeabi_drsub                            0x08006e61   Thumb Code     0  daddsub_clz.o(x$fpl$drsb)
    _drsb                                    0x08006e61   Thumb Code    22  daddsub_clz.o(x$fpl$drsb)
    _dsqrt                                   0x08006e79   Thumb Code   404  dsqrt_umaal.o(x$fpl$dsqrt)
    __aeabi_dsub                             0x08007011   Thumb Code     0  daddsub_clz.o(x$fpl$dsub)
    _dsub                                    0x08007011   Thumb Code   464  daddsub_clz.o(x$fpl$dsub)
    __aeabi_f2d                              0x080071e5   Thumb Code     0  f2d.o(x$fpl$f2d)
    _f2d                                     0x080071e5   Thumb Code    86  f2d.o(x$fpl$f2d)
    __fpl_fnaninf                            0x0800723b   Thumb Code   140  fnaninf.o(x$fpl$fnaninf)
    _fp_init                                 0x080072c7   Thumb Code    10  fpinit.o(x$fpl$fpinit)
    __fplib_config_fpu_vfp                   0x080072cf   Thumb Code     0  fpinit.o(x$fpl$fpinit)
    __fplib_config_pureend_doubles           0x080072cf   Thumb Code     0  fpinit.o(x$fpl$fpinit)
    __fpl_fretinf                            0x080072d1   Thumb Code    10  fretinf.o(x$fpl$fretinf)
    _printf_fp_dec                           0x080072db   Thumb Code     4  printf1.o(x$fpl$printf1)
    __I$use$fp                               0x080072de   Number         0  usenofp.o(x$fpl$usenofp)
    __mathlib_zero                           0x080073c0   Data           8  qnan.o(.constdata)
    Region$$Table$$Base                      0x080075ec   Number         0  anon$$obj.o(Region$$Table)
    Region$$Table$$Limit                     0x0800760c   Number         0  anon$$obj.o(Region$$Table)
    TM_DELAY_Initialized                     0x20000010   Data           1  tm_stm32f4_delay.o(.data)
    TM_Time                                  0x20000014   Data           4  tm_stm32f4_delay.o(.data)
    TM_Time2                                 0x20000018   Data           4  tm_stm32f4_delay.o(.data)
    mult                                     0x2000001c   Data           4  tm_stm32f4_delay.o(.data)
    TM_USART1                                0x20000020   Data          16  tm_stm32f4_usart.o(.data)
    TM_USART2                                0x20000030   Data          16  tm_stm32f4_usart.o(.data)
    TM_USART3                                0x20000040   Data          16  tm_stm32f4_usart.o(.data)
    TM_UART4                                 0x20000050   Data          16  tm_stm32f4_usart.o(.data)
    TM_UART5                                 0x20000060   Data          16  tm_stm32f4_usart.o(.data)
    TM_USART6                                0x20000070   Data          16  tm_stm32f4_usart.o(.data)
    messageReceived                          0x200000b0   Data           1  main.o(.data)
    messageStarted                           0x200000b1   Data           1  main.o(.data)
    messageBuffer_index                      0x200000b4   Data           4  main.o(.data)
    SystemCoreClock                          0x200000b8   Data           4  system_stm32f4xx.o(.data)
    AHBPrescTable                            0x200000bc   Data          16  system_stm32f4xx.o(.data)
    mode                                     0x200000cc   Data           1  data_processor.o(.data)
    side_length                              0x200000d0   Data           4  data_processor.o(.data)
    ticksSinceLastMode                       0x200000d4   Data           4  data_processor.o(.data)
    processing                               0x200000d8   Data           4  data_processor.o(.data)
    SIGNAL_FREQ_HZ                           0x200000dc   Data           4  data_processor.o(.data)
    NORMALIZED_TRIGGER_THRESHOLD             0x200000e0   Data           4  data_processor.o(.data)
    TRIGGER_THRESHOLD                        0x200000e4   Data           4  data_processor.o(.data)
    Hydrophone_curInd                        0x200000e8   Data           4  data_processor.o(.data)
    newSampleAcquired                        0x200000ec   Data           1  max11043.o(.data)
    triggered                                0x200000ed   Data           1  max11043.o(.data)
    bufferCounter                            0x200000ee   Data           2  max11043.o(.data)
    bufferCounterf                           0x200000f0   Data           2  max11043.o(.data)
    chA                                      0x200000f2   Data           2  max11043.o(.data)
    chB                                      0x200000f4   Data           2  max11043.o(.data)
    chC                                      0x200000f6   Data           2  max11043.o(.data)
    chD                                      0x200000f8   Data           2  max11043.o(.data)
    chA_V                                    0x20000100   Data           4  max11043.o(.data)
    chB_V                                    0x20000104   Data           4  max11043.o(.data)
    chC_V                                    0x20000108   Data           4  max11043.o(.data)
    chD_V                                    0x2000010c   Data           4  max11043.o(.data)
    TM_USART1_Buffer                         0x20000140   Data          32  tm_stm32f4_usart.o(.bss)
    TM_USART2_Buffer                         0x20000160   Data          32  tm_stm32f4_usart.o(.bss)
    TM_USART3_Buffer                         0x20000180   Data          32  tm_stm32f4_usart.o(.bss)
    TM_UART4_Buffer                          0x200001a0   Data          32  tm_stm32f4_usart.o(.bss)
    TM_UART5_Buffer                          0x200001c0   Data          32  tm_stm32f4_usart.o(.bss)
    TM_USART6_Buffer                         0x200001e0   Data          32  tm_stm32f4_usart.o(.bss)
    messageBuffer                            0x2000023c   Data         100  main.o(.bss)
    output_str                               0x200002a0   Data         100  main.o(.bss)
    sinTable                                 0x20000304   Data         444  data_processor.o(.bss)
    cosTable                                 0x200004c0   Data         444  data_processor.o(.bss)
    hydrophone                               0x2000067c   Data        1824  data_processor.o(.bss)
    dataBuffer                               0x20000da6   Data        2000  max11043.o(.bss)
    dataBufferAf                             0x20001578   Data        4000  max11043.o(.bss)
    dataBufferBf                             0x20002518   Data        4000  max11043.o(.bss)
    dataBufferCf                             0x200034b8   Data        4000  max11043.o(.bss)
    dataBufferDf                             0x20004458   Data        4000  max11043.o(.bss)
    TX_Buffer                                0x200053f8   Data           9  max11043.o(.bss)
    RX_Buffer                                0x20005401   Data           9  max11043.o(.bss)
    serialMsg                                0x2000540a   Data         200  max11043.o(.bss)
    outputStr                                0x200054d2   Data         200  max11043.o(.bss)
    __libspace_start                         0x2000559c   Data          96  libspace.o(.bss)
    __temporary_stack_top$libspace           0x200055fc   Data           0  libspace.o(.bss)



==============================================================================

Memory Map of the image

  Image Entry point : 0x08000189

  Load Region LR_IROM1 (Base: 0x08000000, Size: 0x00007738, Max: 0x00100000, ABSOLUTE)

    Execution Region ER_IROM1 (Exec base: 0x08000000, Load base: 0x08000000, Size: 0x00007628, Max: 0x00100000, ABSOLUTE)

    Exec Addr    Load Addr    Size         Type   Attr      Idx    E Section Name        Object

    0x08000000   0x08000000   0x00000188   Data   RO            3    RESET               startup_stm32f40_41xxx.o
    0x08000188   0x08000188   0x00000008   Code   RO         1014  * !!!main             c_w.l(__main.o)
    0x08000190   0x08000190   0x00000034   Code   RO         1416    !!!scatter          c_w.l(__scatter.o)
    0x080001c4   0x080001c4   0x0000001a   Code   RO         1418    !!handler_copy      c_w.l(__scatter_copy.o)
    0x080001de   0x080001de   0x00000002   PAD
    0x080001e0   0x080001e0   0x0000001c   Code   RO         1420    !!handler_zi        c_w.l(__scatter_zi.o)
    0x080001fc   0x080001fc   0x00000000   Code   RO         1003    .ARM.Collect$$_printf_percent$$00000000  c_w.l(_printf_percent.o)
    0x080001fc   0x080001fc   0x00000006   Code   RO         1002    .ARM.Collect$$_printf_percent$$00000003  c_w.l(_printf_f.o)
    0x08000202   0x08000202   0x00000006   Code   RO         1001    .ARM.Collect$$_printf_percent$$00000009  c_w.l(_printf_d.o)
    0x08000208   0x08000208   0x00000004   Code   RO         1118    .ARM.Collect$$_printf_percent$$00000017  c_w.l(_printf_percent_end.o)
    0x0800020c   0x0800020c   0x00000002   Code   RO         1359    .ARM.Collect$$libinit$$00000000  c_w.l(libinit.o)
    0x0800020e   0x0800020e   0x00000004   Code   RO         1123    .ARM.Collect$$libinit$$00000001  c_w.l(libinit2.o)
    0x08000212   0x08000212   0x00000000   Code   RO         1126    .ARM.Collect$$libinit$$00000004  c_w.l(libinit2.o)
    0x08000212   0x08000212   0x00000008   Code   RO         1127    .ARM.Collect$$libinit$$00000005  c_w.l(libinit2.o)
    0x0800021a   0x0800021a   0x00000000   Code   RO         1129    .ARM.Collect$$libinit$$0000000A  c_w.l(libinit2.o)
    0x0800021a   0x0800021a   0x00000000   Code   RO         1131    .ARM.Collect$$libinit$$0000000C  c_w.l(libinit2.o)
    0x0800021a   0x0800021a   0x00000000   Code   RO         1133    .ARM.Collect$$libinit$$0000000E  c_w.l(libinit2.o)
    0x0800021a   0x0800021a   0x00000006   Code   RO         1134    .ARM.Collect$$libinit$$0000000F  c_w.l(libinit2.o)
    0x08000220   0x08000220   0x00000000   Code   RO         1136    .ARM.Collect$$libinit$$00000011  c_w.l(libinit2.o)
    0x08000220   0x08000220   0x00000000   Code   RO         1138    .ARM.Collect$$libinit$$00000013  c_w.l(libinit2.o)
    0x08000220   0x08000220   0x00000000   Code   RO         1140    .ARM.Collect$$libinit$$00000015  c_w.l(libinit2.o)
    0x08000220   0x08000220   0x0000000a   Code   RO         1141    .ARM.Collect$$libinit$$00000016  c_w.l(libinit2.o)
    0x0800022a   0x0800022a   0x00000000   Code   RO         1142    .ARM.Collect$$libinit$$00000017  c_w.l(libinit2.o)
    0x0800022a   0x0800022a   0x00000000   Code   RO         1144    .ARM.Collect$$libinit$$00000019  c_w.l(libinit2.o)
    0x0800022a   0x0800022a   0x00000000   Code   RO         1146    .ARM.Collect$$libinit$$0000001B  c_w.l(libinit2.o)
    0x0800022a   0x0800022a   0x00000000   Code   RO         1148    .ARM.Collect$$libinit$$0000001D  c_w.l(libinit2.o)
    0x0800022a   0x0800022a   0x00000000   Code   RO         1150    .ARM.Collect$$libinit$$0000001F  c_w.l(libinit2.o)
    0x0800022a   0x0800022a   0x00000000   Code   RO         1152    .ARM.Collect$$libinit$$00000021  c_w.l(libinit2.o)
    0x0800022a   0x0800022a   0x00000000   Code   RO         1154    .ARM.Collect$$libinit$$00000023  c_w.l(libinit2.o)
    0x0800022a   0x0800022a   0x00000000   Code   RO         1156    .ARM.Collect$$libinit$$00000025  c_w.l(libinit2.o)
    0x0800022a   0x0800022a   0x00000000   Code   RO         1160    .ARM.Collect$$libinit$$0000002C  c_w.l(libinit2.o)
    0x0800022a   0x0800022a   0x00000000   Code   RO         1162    .ARM.Collect$$libinit$$0000002E  c_w.l(libinit2.o)
    0x0800022a   0x0800022a   0x00000000   Code   RO         1164    .ARM.Collect$$libinit$$00000030  c_w.l(libinit2.o)
    0x0800022a   0x0800022a   0x00000000   Code   RO         1166    .ARM.Collect$$libinit$$00000032  c_w.l(libinit2.o)
    0x0800022a   0x0800022a   0x00000002   Code   RO         1167    .ARM.Collect$$libinit$$00000033  c_w.l(libinit2.o)
    0x0800022c   0x0800022c   0x00000002   Code   RO         1413    .ARM.Collect$$libshutdown$$00000000  c_w.l(libshutdown.o)
    0x0800022e   0x0800022e   0x00000000   Code   RO         1371    .ARM.Collect$$libshutdown$$00000002  c_w.l(libshutdown2.o)
    0x0800022e   0x0800022e   0x00000000   Code   RO         1373    .ARM.Collect$$libshutdown$$00000004  c_w.l(libshutdown2.o)
    0x0800022e   0x0800022e   0x00000000   Code   RO         1376    .ARM.Collect$$libshutdown$$00000007  c_w.l(libshutdown2.o)
    0x0800022e   0x0800022e   0x00000000   Code   RO         1379    .ARM.Collect$$libshutdown$$0000000A  c_w.l(libshutdown2.o)
    0x0800022e   0x0800022e   0x00000000   Code   RO         1381    .ARM.Collect$$libshutdown$$0000000C  c_w.l(libshutdown2.o)
    0x0800022e   0x0800022e   0x00000000   Code   RO         1384    .ARM.Collect$$libshutdown$$0000000F  c_w.l(libshutdown2.o)
    0x0800022e   0x0800022e   0x00000002   Code   RO         1385    .ARM.Collect$$libshutdown$$00000010  c_w.l(libshutdown2.o)
    0x08000230   0x08000230   0x00000000   Code   RO         1082    .ARM.Collect$$rtentry$$00000000  c_w.l(__rtentry.o)
    0x08000230   0x08000230   0x00000000   Code   RO         1244    .ARM.Collect$$rtentry$$00000002  c_w.l(__rtentry2.o)
    0x08000230   0x08000230   0x00000006   Code   RO         1256    .ARM.Collect$$rtentry$$00000004  c_w.l(__rtentry4.o)
    0x08000236   0x08000236   0x00000000   Code   RO         1246    .ARM.Collect$$rtentry$$00000009  c_w.l(__rtentry2.o)
    0x08000236   0x08000236   0x00000004   Code   RO         1247    .ARM.Collect$$rtentry$$0000000A  c_w.l(__rtentry2.o)
    0x0800023a   0x0800023a   0x00000000   Code   RO         1249    .ARM.Collect$$rtentry$$0000000C  c_w.l(__rtentry2.o)
    0x0800023a   0x0800023a   0x00000008   Code   RO         1250    .ARM.Collect$$rtentry$$0000000D  c_w.l(__rtentry2.o)
    0x08000242   0x08000242   0x00000002   Code   RO         1360    .ARM.Collect$$rtexit$$00000000  c_w.l(rtexit.o)
    0x08000244   0x08000244   0x00000000   Code   RO         1387    .ARM.Collect$$rtexit$$00000002  c_w.l(rtexit2.o)
    0x08000244   0x08000244   0x00000004   Code   RO         1388    .ARM.Collect$$rtexit$$00000003  c_w.l(rtexit2.o)
    0x08000248   0x08000248   0x00000006   Code   RO         1389    .ARM.Collect$$rtexit$$00000004  c_w.l(rtexit2.o)
    0x0800024e   0x0800024e   0x00000002   PAD
    0x08000250   0x08000250   0x00000000   Code   RO         1270    .emb_text           c_w.l(maybetermalloc1.o)
    0x08000250   0x08000250   0x00000040   Code   RO            4    .text               startup_stm32f40_41xxx.o
    0x08000290   0x08000290   0x00000520   Code   RO           13    .text               stm32f4xx_rcc.o
    0x080007b0   0x080007b0   0x00000282   Code   RO          144    .text               stm32f4xx_gpio.o
    0x08000a32   0x08000a32   0x00000002   PAD
    0x08000a34   0x08000a34   0x000000d0   Code   RO          168    .text               misc.o
    0x08000b04   0x08000b04   0x000003f4   Code   RO          192    .text               stm32f4xx_spi.o
    0x08000ef8   0x08000ef8   0x000003d4   Code   RO          216    .text               stm32f4xx_dma.o
    0x080012cc   0x080012cc   0x000000fc   Code   RO          240    .text               stm32f4xx_exti.o
    0x080013c8   0x080013c8   0x00000084   Code   RO          264    .text               stm32f4xx_syscfg.o
    0x0800144c   0x0800144c   0x00000428   Code   RO          288    .text               stm32f4xx_usart.o
    0x08001874   0x08001874   0x00000764   Code   RO          336    .text               tm_stm32f4_spi.o
    0x08001fd8   0x08001fd8   0x000002f4   Code   RO          372    .text               tm_stm32f4_gpio.o
    0x080022cc   0x080022cc   0x000001a8   Code   RO          398    .text               tm_stm32f4_delay.o
    0x08002474   0x08002474   0x00000264   Code   RO          440    .text               tm_stm32f4_dma.o
    0x080026d8   0x080026d8   0x000000f4   Code   RO          508    .text               tm_stm32f4_mco_output.o
    0x080027cc   0x080027cc   0x00000768   Code   RO          565    .text               tm_stm32f4_usart.o
    0x08002f34   0x08002f34   0x00000188   Code   RO          601    .text               tm_stm32f4_usart_dma.o
    0x080030bc   0x080030bc   0x00000004   PAD
    0x080030c0   0x080030c0   0x00000674   Code   RO          634    .text               main.o
    0x08003734   0x08003734   0x0000001a   Code   RO          721    .text               stm32f4xx_it.o
    0x0800374e   0x0800374e   0x00000002   PAD
    0x08003750   0x08003750   0x000001a4   Code   RO          748    .text               system_stm32f4xx.o
    0x080038f4   0x080038f4   0x00000004   PAD
    0x080038f8   0x080038f8   0x00000570   Code   RO          809    .text               data_processor.o
    0x08003e68   0x08003e68   0x00000548   Code   RO          841    .text               max11043.o
    0x080043b0   0x080043b0   0x0000000c   Code   RO          872    .text               retarget.o
    0x080043bc   0x080043bc   0x00000002   Code   RO          909    .text               c_w.l(use_no_semi.o)
    0x080043be   0x080043be   0x0000005e   Code   RO          915    .text               c_w.l(h1_alloc.o)
    0x0800441c   0x0800441c   0x0000004e   Code   RO          917    .text               c_w.l(h1_free.o)
    0x0800446a   0x0800446a   0x00000002   PAD
    0x0800446c   0x0800446c   0x00000028   Code   RO          975    .text               c_w.l(noretval__2sprintf.o)
    0x08004494   0x08004494   0x00000068   Code   RO          977    .text               c_w.l(__printf.o)
    0x080044fc   0x080044fc   0x00000078   Code   RO          979    .text               c_w.l(_printf_dec.o)
    0x08004574   0x08004574   0x00000048   Code   RO         1004    .text               c_w.l(strcpy.o)
    0x080045bc   0x080045bc   0x0000003e   Code   RO         1006    .text               c_w.l(strlen.o)
    0x080045fa   0x080045fa   0x00000044   Code   RO         1008    .text               c_w.l(rt_memclr.o)
    0x0800463e   0x0800463e   0x0000004e   Code   RO         1010    .text               c_w.l(rt_memclr_w.o)
    0x0800468c   0x0800468c   0x00000006   Code   RO         1012    .text               c_w.l(heapauxi.o)
    0x08004692   0x08004692   0x00000002   PAD
    0x08004694   0x08004694   0x00000008   Code   RO         1086    .text               c_w.l(rt_heap_descriptor_intlibspace.o)
    0x0800469c   0x0800469c   0x00000004   Code   RO         1088    .text               c_w.l(hguard.o)
    0x080046a0   0x080046a0   0x0000008a   Code   RO         1090    .text               c_w.l(init_alloc.o)
    0x0800472a   0x0800472a   0x0000000e   Code   RO         1094    .text               c_w.l(h1_init.o)
    0x08004738   0x08004738   0x00000016   Code   RO         1108    .text               c_w.l(_rserrno.o)
    0x0800474e   0x0800474e   0x000000b2   Code   RO         1110    .text               c_w.l(_printf_intcommon.o)
    0x08004800   0x08004800   0x0000041e   Code   RO         1112    .text               c_w.l(_printf_fp_dec.o)
    0x08004c1e   0x08004c1e   0x00000002   PAD
    0x08004c20   0x08004c20   0x00000030   Code   RO         1114    .text               c_w.l(_printf_char_common.o)
    0x08004c50   0x08004c50   0x0000000a   Code   RO         1116    .text               c_w.l(_sputc.o)
    0x08004c5a   0x08004c5a   0x00000002   PAD
    0x08004c5c   0x08004c5c   0x00000008   Code   RO         1240    .text               c_w.l(libspace.o)
    0x08004c64   0x08004c64   0x00000008   Code   RO         1261    .text               c_w.l(rt_locale_intlibspace.o)
    0x08004c6c   0x08004c6c   0x00000008   Code   RO         1266    .text               c_w.l(rt_errno_addr_intlibspace.o)
    0x08004c74   0x08004c74   0x00000034   Code   RO         1272    .text               c_w.l(h1_extend.o)
    0x08004ca8   0x08004ca8   0x0000008a   Code   RO         1276    .text               c_w.l(lludiv10.o)
    0x08004d32   0x08004d32   0x00000002   PAD
    0x08004d34   0x08004d34   0x00000080   Code   RO         1278    .text               c_w.l(_printf_fp_infnan.o)
    0x08004db4   0x08004db4   0x000000e4   Code   RO         1282    .text               c_w.l(bigflt0.o)
    0x08004e98   0x08004e98   0x0000000e   Code   RO         1310    .text               c_w.l(defsig_rtmem_outer.o)
    0x08004ea6   0x08004ea6   0x0000004a   Code   RO         1336    .text               c_w.l(sys_stackheap_outer.o)
    0x08004ef0   0x08004ef0   0x00000012   Code   RO         1342    .text               c_w.l(exit.o)
    0x08004f02   0x08004f02   0x0000000a   Code   RO         1344    .text               c_w.l(defsig_exit.o)
    0x08004f0c   0x08004f0c   0x00000050   Code   RO         1346    .text               c_w.l(defsig_rtmem_inner.o)
    0x08004f5c   0x08004f5c   0x00000080   Code   RO         1348    .text               c_w.l(strcmpv7m.o)
    0x08004fdc   0x08004fdc   0x00000032   Code   RO         1368    .text               c_w.l(defsig_general.o)
    0x0800500e   0x0800500e   0x0000003e   Code   RO         1285    CL$$btod_d2e        c_w.l(btod.o)
    0x0800504c   0x0800504c   0x00000046   Code   RO         1287    CL$$btod_d2e_denorm_low  c_w.l(btod.o)
    0x08005092   0x08005092   0x00000060   Code   RO         1286    CL$$btod_d2e_norm_op1  c_w.l(btod.o)
    0x080050f2   0x080050f2   0x00000338   Code   RO         1295    CL$$btod_div_common  c_w.l(btod.o)
    0x0800542a   0x0800542a   0x000000dc   Code   RO         1292    CL$$btod_e2e        c_w.l(btod.o)
    0x08005506   0x08005506   0x0000002a   Code   RO         1289    CL$$btod_ediv       c_w.l(btod.o)
    0x08005530   0x08005530   0x0000002a   Code   RO         1288    CL$$btod_emul       c_w.l(btod.o)
    0x0800555a   0x0800555a   0x00000244   Code   RO         1294    CL$$btod_mult_common  c_w.l(btod.o)
    0x0800579e   0x0800579e   0x00000030   Code   RO         1331    i.__ARM_fpclassify  m_wm.l(fpclassify.o)
    0x080057ce   0x080057ce   0x00000002   PAD
    0x080057d0   0x080057d0   0x000002d8   Code   RO         1189    i.__hardfp_atan     m_wm.l(atan.o)
    0x08005aa8   0x08005aa8   0x000001f0   Code   RO         1032    i.__hardfp_atan2    m_wm.l(atan2.o)
    0x08005c98   0x08005c98   0x000000c8   Code   RO         1044    i.__hardfp_cos      m_wm.l(cos.o)
    0x08005d60   0x08005d60   0x000000c8   Code   RO         1056    i.__hardfp_sin      m_wm.l(sin.o)
    0x08005e28   0x08005e28   0x0000007a   Code   RO         1068    i.__hardfp_sqrt     m_wm.l(sqrt.o)
    0x08005ea2   0x08005ea2   0x00000006   PAD
    0x08005ea8   0x08005ea8   0x00000438   Code   RO         1227    i.__ieee754_rem_pio2  m_wm.l(rred.o)
    0x080062e0   0x080062e0   0x00000170   Code   RO         1203    i.__kernel_cos      m_wm.l(cos_i.o)
    0x08006450   0x08006450   0x000000f8   Code   RO         1333    i.__kernel_poly     m_wm.l(poly.o)
    0x08006548   0x08006548   0x00000130   Code   RO         1232    i.__kernel_sin      m_wm.l(sin_i.o)
    0x08006678   0x08006678   0x00000014   Code   RO         1207    i.__mathlib_dbl_infnan  m_wm.l(dunder.o)
    0x0800668c   0x0800668c   0x00000014   Code   RO         1208    i.__mathlib_dbl_infnan2  m_wm.l(dunder.o)
    0x080066a0   0x080066a0   0x00000020   Code   RO         1209    i.__mathlib_dbl_invalid  m_wm.l(dunder.o)
    0x080066c0   0x080066c0   0x00000020   Code   RO         1212    i.__mathlib_dbl_underflow  m_wm.l(dunder.o)
    0x080066e0   0x080066e0   0x00000010   Code   RO         1191    i.atan              m_wm.l(atan.o)
    0x080066f0   0x080066f0   0x00000018   Code   RO         1222    i.fabs              m_wm.l(fabs.o)
    0x08006708   0x08006708   0x0000002c   Code   RO         1308    locale$$code        c_w.l(lc_numeric_c.o)
    0x08006734   0x08006734   0x00000018   Code   RO         1168    x$fpl$basic         fz_wm.l(basic.o)
    0x0800674c   0x0800674c   0x00000062   Code   RO         1016    x$fpl$d2f           fz_wm.l(d2f.o)
    0x080067ae   0x080067ae   0x00000002   PAD
    0x080067b0   0x080067b0   0x00000150   Code   RO         1170    x$fpl$dadd          fz_wm.l(daddsub_clz.o)
    0x08006900   0x08006900   0x000002b0   Code   RO         1019    x$fpl$ddiv          fz_wm.l(ddiv.o)
    0x08006bb0   0x08006bb0   0x0000005e   Code   RO         1022    x$fpl$dfix          fz_wm.l(dfix.o)
    0x08006c0e   0x08006c0e   0x0000002e   Code   RO         1322    x$fpl$dflt          fz_wm.l(dflt_clz.o)
    0x08006c3c   0x08006c3c   0x00000026   Code   RO         1321    x$fpl$dfltu         fz_wm.l(dflt_clz.o)
    0x08006c62   0x08006c62   0x00000002   PAD
    0x08006c64   0x08006c64   0x00000154   Code   RO         1026    x$fpl$dmul          fz_wm.l(dmul.o)
    0x08006db8   0x08006db8   0x0000009c   Code   RO         1178    x$fpl$dnaninf       fz_wm.l(dnaninf.o)
    0x08006e54   0x08006e54   0x0000000c   Code   RO         1180    x$fpl$dretinf       fz_wm.l(dretinf.o)
    0x08006e60   0x08006e60   0x00000016   Code   RO         1171    x$fpl$drsb          fz_wm.l(daddsub_clz.o)
    0x08006e76   0x08006e76   0x00000002   PAD
    0x08006e78   0x08006e78   0x00000198   Code   RO         1182    x$fpl$dsqrt         fz_wm.l(dsqrt_umaal.o)
    0x08007010   0x08007010   0x000001d4   Code   RO         1172    x$fpl$dsub          fz_wm.l(daddsub_clz.o)
    0x080071e4   0x080071e4   0x00000056   Code   RO         1028    x$fpl$f2d           fz_wm.l(f2d.o)
    0x0800723a   0x0800723a   0x0000008c   Code   RO         1184    x$fpl$fnaninf       fz_wm.l(fnaninf.o)
    0x080072c6   0x080072c6   0x0000000a   Code   RO         1327    x$fpl$fpinit        fz_wm.l(fpinit.o)
    0x080072d0   0x080072d0   0x0000000a   Code   RO         1186    x$fpl$fretinf       fz_wm.l(fretinf.o)
    0x080072da   0x080072da   0x00000004   Code   RO         1030    x$fpl$printf1       fz_wm.l(printf1.o)
    0x080072de   0x080072de   0x00000000   Code   RO         1188    x$fpl$usenofp       fz_wm.l(usenofp.o)
    0x080072de   0x080072de   0x00000014   Data   RO          441    .constdata          tm_stm32f4_dma.o
    0x080072f2   0x080072f2   0x00000006   PAD
    0x080072f8   0x080072f8   0x00000098   Data   RO         1192    .constdata          m_wm.l(atan.o)
    0x08007390   0x08007390   0x00000030   Data   RO         1204    .constdata          m_wm.l(cos_i.o)
    0x080073c0   0x080073c0   0x00000008   Data   RO         1226    .constdata          m_wm.l(qnan.o)
    0x080073c8   0x080073c8   0x000000c8   Data   RO         1229    .constdata          m_wm.l(rred.o)
    0x08007490   0x08007490   0x00000028   Data   RO         1233    .constdata          m_wm.l(sin_i.o)
    0x080074b8   0x080074b8   0x00000094   Data   RO         1283    .constdata          c_w.l(bigflt0.o)
    0x0800754c   0x0800754c   0x0000009f   Data   RO          636    .conststring        main.o
    0x080075eb   0x080075eb   0x00000001   PAD
    0x080075ec   0x080075ec   0x00000020   Data   RO         1414    Region$$Table       anon$$obj.o
    0x0800760c   0x0800760c   0x0000001c   Data   RO         1307    locale$$data        c_w.l(lc_numeric_c.o)


    Execution Region RW_IRAM1 (Exec base: 0x20000000, Load base: 0x08007628, Size: 0x00005e00, Max: 0x00020000, ABSOLUTE)

    Exec Addr    Load Addr    Size         Type   Attr      Idx    E Section Name        Object

    0x20000000   0x08007628   0x00000010   Data   RW           14    .data               stm32f4xx_rcc.o
    0x20000010   0x08007638   0x00000010   Data   RW          401    .data               tm_stm32f4_delay.o
    0x20000020   0x08007648   0x00000060   Data   RW          572    .data               tm_stm32f4_usart.o
    0x20000080   0x080076a8   0x00000030   Data   RW          603    .data               tm_stm32f4_usart_dma.o
    0x200000b0   0x080076d8   0x00000008   Data   RW          637    .data               main.o
    0x200000b8   0x080076e0   0x00000014   Data   RW          749    .data               system_stm32f4xx.o
    0x200000cc   0x080076f4   0x00000020   Data   RW          811    .data               data_processor.o
    0x200000ec   0x08007714   0x00000024   Data   RW          845    .data               max11043.o
    0x20000110        -       0x00000016   Zero   RW          373    .bss                tm_stm32f4_gpio.o
    0x20000126   0x08007738   0x00000002   PAD
    0x20000128        -       0x00000018   Zero   RW          399    .bss                tm_stm32f4_delay.o
    0x20000140        -       0x00000020   Zero   RW          566    .bss                tm_stm32f4_usart.o
    0x20000160        -       0x00000020   Zero   RW          567    .bss                tm_stm32f4_usart.o
    0x20000180        -       0x00000020   Zero   RW          568    .bss                tm_stm32f4_usart.o
    0x200001a0        -       0x00000020   Zero   RW          569    .bss                tm_stm32f4_usart.o
    0x200001c0        -       0x00000020   Zero   RW          570    .bss                tm_stm32f4_usart.o
    0x200001e0        -       0x00000020   Zero   RW          571    .bss                tm_stm32f4_usart.o
    0x20000200        -       0x0000003c   Zero   RW          602    .bss                tm_stm32f4_usart_dma.o
    0x2000023c        -       0x000000c8   Zero   RW          635    .bss                main.o
    0x20000304        -       0x00000a98   Zero   RW          810    .bss                data_processor.o
    0x20000d9c        -       0x000047fe   Zero   RW          842    .bss                max11043.o
    0x2000559a   0x08007738   0x00000002   PAD
    0x2000559c        -       0x00000060   Zero   RW         1241    .bss                c_w.l(libspace.o)
    0x200055fc   0x08007738   0x00000004   PAD
    0x20005600        -       0x00000400   Zero   RW            2    HEAP                startup_stm32f40_41xxx.o
    0x20005a00        -       0x00000400   Zero   RW            1    STACK               startup_stm32f40_41xxx.o


==============================================================================

Image component sizes


      Code (inc. data)   RO Data    RW Data    ZI Data      Debug   Object Name

      1392        112          0         32       2712       5278   data_processor.o
      1652        268        159          8        200     245917   main.o
      1352         90          0         36      18430       6509   max11043.o
       208         14          0          0          0       2421   misc.o
        12          0          0          0          0       2585   retarget.o
        64         26        392          0       2048       1068   startup_stm32f40_41xxx.o
       980        104          0          0          0       7929   stm32f4xx_dma.o
       252         22          0          0          0       2799   stm32f4xx_exti.o
       642          0          0          0          0       5133   stm32f4xx_gpio.o
        26          0          0          0          0       1484   stm32f4xx_it.o
      1312        166          0         16          0     306928   stm32f4xx_rcc.o
      1012         22          0          0          0       8093   stm32f4xx_spi.o
       132         22          0          0          0       2041   stm32f4xx_syscfg.o
      1064          6          0          0          0       9132   stm32f4xx_usart.o
       420         58          0         20          0       2055   system_stm32f4xx.o
       424         22          0         16         24      33534   tm_stm32f4_delay.o
       612        102         20          0          0      32417   tm_stm32f4_dma.o
       756          8          0          0         22       5904   tm_stm32f4_gpio.o
       244         20          0          0          0       2418   tm_stm32f4_mco_output.o
      1892         90          0          0          0      12675   tm_stm32f4_spi.o
      1896        132          0         96        192      13157   tm_stm32f4_usart.o
       392         36          0         48         60       4099   tm_stm32f4_usart_dma.o

    ----------------------------------------------------------------------
     16748       1328        610        272      23692     713576   Object Totals
         0          0         32          0          0          0   (incl. Generated)
        12          8          7          0          4          0   (incl. Padding)

    ----------------------------------------------------------------------

      Code (inc. data)   RO Data    RW Data    ZI Data      Debug   Library Member Name

         8          0          0          0          0         68   __main.o
       104          0          0          0          0         84   __printf.o
         0          0          0          0          0          0   __rtentry.o
        12          0          0          0          0          0   __rtentry2.o
         6          0          0          0          0          0   __rtentry4.o
        52          8          0          0          0          0   __scatter.o
        26          0          0          0          0          0   __scatter_copy.o
        28          0          0          0          0          0   __scatter_zi.o
        48          6          0          0          0         96   _printf_char_common.o
         6          0          0          0          0          0   _printf_d.o
       120         16          0          0          0         92   _printf_dec.o
         6          0          0          0          0          0   _printf_f.o
      1054          0          0          0          0        216   _printf_fp_dec.o
       128         16          0          0          0         84   _printf_fp_infnan.o
       178          0          0          0          0         88   _printf_intcommon.o
         0          0          0          0          0          0   _printf_percent.o
         4          0          0          0          0          0   _printf_percent_end.o
        22          0          0          0          0        100   _rserrno.o
        10          0          0          0          0         68   _sputc.o
       228          4        148          0          0         96   bigflt0.o
      1936        128          0          0          0        672   btod.o
        10          0          0          0          0         68   defsig_exit.o
        50          0          0          0          0         88   defsig_general.o
        80         58          0          0          0         76   defsig_rtmem_inner.o
        14          0          0          0          0         80   defsig_rtmem_outer.o
        18          0          0          0          0         80   exit.o
        94          0          0          0          0         80   h1_alloc.o
        52          0          0          0          0         68   h1_extend.o
        78          0          0          0          0         80   h1_free.o
        14          0          0          0          0         84   h1_init.o
         6          0          0          0          0        152   heapauxi.o
         4          0          0          0          0        136   hguard.o
       138          0          0          0          0        168   init_alloc.o
        44         10         28          0          0         76   lc_numeric_c.o
         2          0          0          0          0          0   libinit.o
        30          0          0          0          0          0   libinit2.o
         2          0          0          0          0          0   libshutdown.o
         2          0          0          0          0          0   libshutdown2.o
         8          4          0          0         96         68   libspace.o
       138          0          0          0          0         80   lludiv10.o
         0          0          0          0          0          0   maybetermalloc1.o
        40          6          0          0          0         84   noretval__2sprintf.o
         8          4          0          0          0         68   rt_errno_addr_intlibspace.o
         8          4          0          0          0         68   rt_heap_descriptor_intlibspace.o
         8          4          0          0          0         68   rt_locale_intlibspace.o
        68          0          0          0          0         68   rt_memclr.o
        78          0          0          0          0         80   rt_memclr_w.o
         2          0          0          0          0          0   rtexit.o
        10          0          0          0          0          0   rtexit2.o
       128          0          0          0          0         68   strcmpv7m.o
        72          0          0          0          0         80   strcpy.o
        62          0          0          0          0         76   strlen.o
        74          0          0          0          0         80   sys_stackheap_outer.o
         2          0          0          0          0         68   use_no_semi.o
        24          0          0          0          0        164   basic.o
        98          4          0          0          0        140   d2f.o
       826         16          0          0          0        492   daddsub_clz.o
       688        140          0          0          0        256   ddiv.o
        94          4          0          0          0        140   dfix.o
        84          0          0          0          0        232   dflt_clz.o
       340         12          0          0          0        152   dmul.o
       156          4          0          0          0        140   dnaninf.o
        12          0          0          0          0        116   dretinf.o
       408         56          0          0          0        168   dsqrt_umaal.o
        86          4          0          0          0        132   f2d.o
       140          4          0          0          0        132   fnaninf.o
        10          0          0          0          0        116   fpinit.o
        10          0          0          0          0        116   fretinf.o
         4          0          0          0          0        116   printf1.o
         0          0          0          0          0          0   usenofp.o
       744        106        152          0          0        352   atan.o
       496         64          0          0          0        192   atan2.o
       200         20          0          0          0        164   cos.o
       368         46         48          0          0        200   cos_i.o
       104         16          0          0          0        496   dunder.o
        24          0          0          0          0        124   fabs.o
        48          0          0          0          0        124   fpclassify.o
       248          0          0          0          0        152   poly.o
         0          0          8          0          0          0   qnan.o
      1080        142        200          0          0        188   rred.o
       200         20          0          0          0        164   sin.o
       304         24         40          0          0        208   sin_i.o
       122          0          0          0          0        148   sqrt.o

    ----------------------------------------------------------------------
     12266        950        624          0        100       8980   Library Totals
        28          0          0          0          4          0   (incl. Padding)

    ----------------------------------------------------------------------

      Code (inc. data)   RO Data    RW Data    ZI Data      Debug   Library Name

      5320        268        176          0         96       3856   c_w.l
      2980        244          0          0          0       2612   fz_wm.l
      3938        438        448          0          0       2512   m_wm.l

    ----------------------------------------------------------------------
     12266        950        624          0        100       8980   Library Totals

    ----------------------------------------------------------------------

==============================================================================


      Code (inc. data)   RO Data    RW Data    ZI Data      Debug   

     29014       2278       1234        272      23792     711772   Grand Totals
     29014       2278       1234        272      23792     711772   ELF Image Totals
     29014       2278       1234        272          0          0   ROM Totals

==============================================================================

    Total RO  Size (Code + RO Data)                30248 (  29.54kB)
    Total RW  Size (RW Data + ZI Data)             24064 (  23.50kB)
    Total ROM Size (Code + RO Data + RW Data)      30520 (  29.80kB)

==============================================================================

